<html>
<body>
<pre>
<h1>µVision Build Log</h1>
<h2>Tool Versions:</h2>
IDE-Version: ¦ÌVision V5.24.2.0
Copyright (C) 2017 ARM Ltd and ARM Germany GmbH. All rights reserved.
License Information: A Admin, A, LIC=D0D7S-LFLHA-EVD1R-K99C9-D3AT9-B8MG2
 
Tool Versions:
Toolchain:       MDK-ARM Plus  Version: 5.24.1
Toolchain Path:  E:\Setup2\Software\Keil5\Location\Core\ARM\ARMCC\Bin
C Compiler:      Armcc.exe V5.06 update 5 (build 528)
Assembler:       Armasm.exe V5.06 update 5 (build 528)
Linker/Locator:  ArmLink.exe V5.06 update 5 (build 528)
Library Manager: ArmAr.exe V5.06 update 5 (build 528)
Hex Converter:   FromElf.exe V5.06 update 5 (build 528)
CPU DLL:         SARMCM3.DLL V5.24.1
Dialog DLL:      DCM.DLL V1.16.0.0
Target DLL:      STLink\ST-LINKIII-KEIL_SWO.dll V3.0.1.0
Dialog DLL:      TCM.DLL V1.32.0.0
 
<h2>Project:</h2>
E:\Setup2\Software\STM32CubeMX\File\My Project\Motor_Follow_Double\Master car\Control\V1\MDK-ARM\LCD_Touch_01.uvprojx
Project File Date:  05/24/2024

<h2>Output:</h2>
*** Using Compiler 'V5.06 update 5 (build 528)', folder: 'E:\Setup2\Software\Keil5\Location\Core\ARM\ARMCC\Bin'
Build target 'LCD_Touch_01'
compiling car.c...
..\Hardware\Car\car.h(47): warning:  #1-D: last line of file ends without a newline
  #endif
..\Hardware\Car\car.c: 1 warning, 0 errors
compiling usart.c...
..\Hardware\Car\car.h(47): warning:  #1-D: last line of file ends without a newline
  #endif
..\Core\Src\usart.c(302): warning:  #1035-D: single-precision operand implicitly converted to double-precision
  						car.A.PID.Kp+=0.02;
..\Core\Src\usart.c(303): warning:  #1035-D: single-precision operand implicitly converted to double-precision
  						car.B.PID.Kp+=0.02;
..\Core\Src\usart.c(307): warning:  #1035-D: single-precision operand implicitly converted to double-precision
  						car.A.PID.Kp-=0.02;
..\Core\Src\usart.c(308): warning:  #1035-D: single-precision operand implicitly converted to double-precision
  						car.B.PID.Kp-=0.02;
..\Core\Src\usart.c(315): warning:  #1035-D: single-precision operand implicitly converted to double-precision
  						car.A.PID.Ki+=0.01;
..\Core\Src\usart.c(316): warning:  #1035-D: single-precision operand implicitly converted to double-precision
  						car.B.PID.Ki+=0.01;
..\Core\Src\usart.c(320): warning:  #1035-D: single-precision operand implicitly converted to double-precision
  						car.A.PID.Ki-=0.01;
..\Core\Src\usart.c(321): warning:  #1035-D: single-precision operand implicitly converted to double-precision
  						car.B.PID.Ki-=0.01;
..\Core\Src\usart.c(328): warning:  #1035-D: single-precision operand implicitly converted to double-precision
  						car.A.PID.Kd+=0.01;
..\Core\Src\usart.c(329): warning:  #1035-D: single-precision operand implicitly converted to double-precision
  						car.B.PID.Kd+=0.01;
..\Core\Src\usart.c(333): warning:  #1035-D: single-precision operand implicitly converted to double-precision
  						car.A.PID.Kd-=0.01;
..\Core\Src\usart.c(334): warning:  #1035-D: single-precision operand implicitly converted to double-precision
  						car.B.PID.Kd-=0.01;
..\Core\Src\usart.c: 13 warnings, 0 errors
linking...
Program Size: Code=19462 RO-data=8354 RW-data=24 ZI-data=3992  
FromELF: creating hex file...
"LCD_Touch_01\LCD_Touch_01.axf" - 0 Error(s), 14 Warning(s).

<h2>Software Packages used:</h2>

Package Vendor: ARM
                http://www.keil.com/pack/ARM.CMSIS.5.0.1.pack
                ARM.CMSIS.5.0.1
                CMSIS (Cortex Microcontroller Software Interface Standard)
   * Component: CORE Version: 5.0.1

Package Vendor: Keil
                https://www.keil.com/pack/Keil.STM32F4xx_DFP.2.17.1.pack
                Keil.STM32F4xx_DFP.2.17.1
                STMicroelectronics STM32F4 Series Device Support, Drivers and Examples

<h2>Collection of Component include folders:</h2>
  .\RTE\_LCD_Touch_01
  E:\Setup2\Software\Keil5\Location\Core\ARM\PACK\ARM\CMSIS\5.0.1\CMSIS\Include
  E:\Setup2\Software\Keil5\Location\Core\ARM\PACK\Keil\STM32F4xx_DFP\2.17.1\Drivers\CMSIS\Device\ST\STM32F4xx\Include

<h2>Collection of Component Files used:</h2>

   * Component: ARM::CMSIS:CORE:5.0.1
Build Time Elapsed:  00:00:02
</pre>
</body>
</html>
