Component: ARM Compiler 5.06 update 5 (build 528) Tool: armlink [4d35e2]

==============================================================================

Section Cross References

    startup_stm32f407xx.o(STACK) refers (Special) to heapauxi.o(.text) for __use_two_region_memory
    startup_stm32f407xx.o(HEAP) refers (Special) to heapauxi.o(.text) for __use_two_region_memory
    startup_stm32f407xx.o(RESET) refers (Special) to heapauxi.o(.text) for __use_two_region_memory
    startup_stm32f407xx.o(RESET) refers to startup_stm32f407xx.o(STACK) for __initial_sp
    startup_stm32f407xx.o(RESET) refers to startup_stm32f407xx.o(.text) for Reset_Handler
    startup_stm32f407xx.o(RESET) refers to stm32f4xx_it.o(i.NMI_Handler) for NMI_Handler
    startup_stm32f407xx.o(RESET) refers to stm32f4xx_it.o(i.HardFault_Handler) for HardFault_Handler
    startup_stm32f407xx.o(RESET) refers to stm32f4xx_it.o(i.MemManage_Handler) for MemManage_Handler
    startup_stm32f407xx.o(RESET) refers to stm32f4xx_it.o(i.BusFault_Handler) for BusFault_Handler
    startup_stm32f407xx.o(RESET) refers to stm32f4xx_it.o(i.UsageFault_Handler) for UsageFault_Handler
    startup_stm32f407xx.o(RESET) refers to stm32f4xx_it.o(i.SVC_Handler) for SVC_Handler
    startup_stm32f407xx.o(RESET) refers to stm32f4xx_it.o(i.DebugMon_Handler) for DebugMon_Handler
    startup_stm32f407xx.o(RESET) refers to stm32f4xx_it.o(i.PendSV_Handler) for PendSV_Handler
    startup_stm32f407xx.o(RESET) refers to stm32f4xx_it.o(i.SysTick_Handler) for SysTick_Handler
    startup_stm32f407xx.o(RESET) refers to stm32f4xx_it.o(i.DMA1_Stream5_IRQHandler) for DMA1_Stream5_IRQHandler
    startup_stm32f407xx.o(RESET) refers to stm32f4xx_it.o(i.DMA1_Stream6_IRQHandler) for DMA1_Stream6_IRQHandler
    startup_stm32f407xx.o(RESET) refers to stm32f4xx_it.o(i.USART1_IRQHandler) for USART1_IRQHandler
    startup_stm32f407xx.o(RESET) refers to stm32f4xx_it.o(i.USART2_IRQHandler) for USART2_IRQHandler
    startup_stm32f407xx.o(RESET) refers to stm32f4xx_it.o(i.TIM6_DAC_IRQHandler) for TIM6_DAC_IRQHandler
    startup_stm32f407xx.o(RESET) refers to stm32f4xx_it.o(i.DMA2_Stream2_IRQHandler) for DMA2_Stream2_IRQHandler
    startup_stm32f407xx.o(RESET) refers to stm32f4xx_it.o(i.DMA2_Stream7_IRQHandler) for DMA2_Stream7_IRQHandler
    startup_stm32f407xx.o(.text) refers (Special) to heapauxi.o(.text) for __use_two_region_memory
    startup_stm32f407xx.o(.text) refers to system_stm32f4xx.o(i.SystemInit) for SystemInit
    startup_stm32f407xx.o(.text) refers to __main.o(!!!main) for __main
    startup_stm32f407xx.o(.text) refers to startup_stm32f407xx.o(HEAP) for Heap_Mem
    startup_stm32f407xx.o(.text) refers to startup_stm32f407xx.o(STACK) for Stack_Mem
    main.o(i.SystemClock_Config) refers to rt_memclr_w.o(.text) for __aeabi_memclr4
    main.o(i.SystemClock_Config) refers to stm32f4xx_hal_rcc.o(i.HAL_RCC_OscConfig) for HAL_RCC_OscConfig
    main.o(i.SystemClock_Config) refers to stm32f4xx_hal_rcc.o(i.HAL_RCC_ClockConfig) for HAL_RCC_ClockConfig
    main.o(i.main) refers to stm32f4xx_hal.o(i.HAL_Init) for HAL_Init
    main.o(i.main) refers to main.o(i.SystemClock_Config) for SystemClock_Config
    main.o(i.main) refers to gpio.o(i.MX_GPIO_Init) for MX_GPIO_Init
    main.o(i.main) refers to dma.o(i.MX_DMA_Init) for MX_DMA_Init
    main.o(i.main) refers to spi.o(i.MX_SPI1_Init) for MX_SPI1_Init
    main.o(i.main) refers to tim.o(i.MX_TIM2_Init) for MX_TIM2_Init
    main.o(i.main) refers to tim.o(i.MX_TIM3_Init) for MX_TIM3_Init
    main.o(i.main) refers to tim.o(i.MX_TIM4_Init) for MX_TIM4_Init
    main.o(i.main) refers to tim.o(i.MX_TIM6_Init) for MX_TIM6_Init
    main.o(i.main) refers to usart.o(i.MX_USART1_UART_Init) for MX_USART1_UART_Init
    main.o(i.main) refers to usart.o(i.MX_USART2_UART_Init) for MX_USART2_UART_Init
    main.o(i.main) refers to main.o(i.test_Init_Start) for test_Init_Start
    main.o(i.main) refers to main.o(i.test_while) for test_while
    main.o(i.test_Init_Start) refers to oled.o(i.OLED_Init) for OLED_Init
    main.o(i.test_Init_Start) refers to lcd.o(i.LCD_Init) for LCD_Init
    main.o(i.test_Init_Start) refers to car.o(i.pid_Init) for pid_Init
    main.o(i.test_Init_Start) refers to stm32f4xx_hal_tim.o(i.HAL_TIM_Base_Start_IT) for HAL_TIM_Base_Start_IT
    main.o(i.test_Init_Start) refers to car.o(.bss) for car
    main.o(i.test_Init_Start) refers to tim.o(.bss) for htim6
    main.o(i.test_LCD) refers to gui.o(i.LCD_ShowNum) for LCD_ShowNum
    main.o(i.test_LCD) refers to car.o(.bss) for car
    main.o(i.test_OLED) refers to oled.o(i.OLED_ShowSignedNum) for OLED_ShowSignedNum
    main.o(i.test_OLED) refers to oled.o(i.OLED_ShowString) for OLED_ShowString
    main.o(i.test_OLED) refers to f2d.o(x$fpl$f2d) for __aeabi_f2d
    main.o(i.test_OLED) refers to oled.o(i.OLED_ShowFloatNum) for OLED_ShowFloatNum
    main.o(i.test_OLED) refers to oled.o(i.OLED_Update) for OLED_Update
    main.o(i.test_OLED) refers to car.o(.bss) for car
[...]
    i.MX_DMA_Init                            0x08002b64   Section        0  dma.o(i.MX_DMA_Init)
    i.MX_GPIO_Init                           0x08002bd0   Section        0  gpio.o(i.MX_GPIO_Init)
    i.MX_SPI1_Init                           0x08002d6c   Section        0  spi.o(i.MX_SPI1_Init)
    i.MX_TIM2_Init                           0x08002db0   Section        0  tim.o(i.MX_TIM2_Init)
    i.MX_TIM3_Init                           0x08002e30   Section        0  tim.o(i.MX_TIM3_Init)
    i.MX_TIM4_Init                           0x08002eb4   Section        0  tim.o(i.MX_TIM4_Init)
    i.MX_TIM6_Init                           0x08002f70   Section        0  tim.o(i.MX_TIM6_Init)
    i.MX_USART1_UART_Init                    0x08002fb8   Section        0  usart.o(i.MX_USART1_UART_Init)
    i.MX_USART2_UART_Init                    0x08002ff8   Section        0  usart.o(i.MX_USART2_UART_Init)
    i.MemManage_Handler                      0x08003030   Section        0  stm32f4xx_it.o(i.MemManage_Handler)
    i.NMI_Handler                            0x08003032   Section        0  stm32f4xx_it.o(i.NMI_Handler)
    i.OLED_ClearArea                         0x08003034   Section        0  oled.o(i.OLED_ClearArea)
    i.OLED_GPIO_Init                         0x08003098   Section        0  oled.o(i.OLED_GPIO_Init)
    i.OLED_I2C_SendByte                      0x080030be   Section        0  oled.o(i.OLED_I2C_SendByte)
    i.OLED_I2C_Start                         0x080030f8   Section        0  oled.o(i.OLED_I2C_Start)
    i.OLED_I2C_Stop                          0x08003116   Section        0  oled.o(i.OLED_I2C_Stop)
    i.OLED_Init                              0x0800312e   Section        0  oled.o(i.OLED_Init)
    i.OLED_Pow                               0x080031c2   Section        0  oled.o(i.OLED_Pow)
    i.OLED_SetCursor                         0x080031d0   Section        0  oled.o(i.OLED_SetCursor)
    i.OLED_ShowChar                          0x080031f4   Section        0  oled.o(i.OLED_ShowChar)
    i.OLED_ShowFloatNum                      0x08003230   Section        0  oled.o(i.OLED_ShowFloatNum)
    i.OLED_ShowImage                         0x08003308   Section        0  oled.o(i.OLED_ShowImage)
    i.OLED_ShowNum                           0x080033b8   Section        0  oled.o(i.OLED_ShowNum)
    i.OLED_ShowSignedNum                     0x080033fe   Section        0  oled.o(i.OLED_ShowSignedNum)
    i.OLED_ShowString                        0x0800345c   Section        0  oled.o(i.OLED_ShowString)
    i.OLED_Update                            0x08003488   Section        0  oled.o(i.OLED_Update)
    i.OLED_W_SCL                             0x080034b0   Section        0  oled.o(i.OLED_W_SCL)
    i.OLED_W_SDA                             0x080034cc   Section        0  oled.o(i.OLED_W_SDA)
    i.OLED_WriteCommand                      0x080034e8   Section        0  oled.o(i.OLED_WriteCommand)
    i.OLED_WriteData                         0x0800350a   Section        0  oled.o(i.OLED_WriteData)
    i.PID                                    0x0800353a   Section        0  car.o(i.PID)
    i.PendSV_Handler                         0x080035f2   Section        0  stm32f4xx_it.o(i.PendSV_Handler)
    i.SPI1_TransmitReceive                   0x080035f4   Section        0  spi.o(i.SPI1_TransmitReceive)
    i.SPI_EndRxTxTransaction                 0x08003618   Section        0  stm32f4xx_hal_spi.o(i.SPI_EndRxTxTransaction)
    SPI_EndRxTxTransaction                   0x08003619   Thumb Code    80  stm32f4xx_hal_spi.o(i.SPI_EndRxTxTransaction)
    i.SPI_WaitFlagStateUntilTimeout          0x08003670   Section        0  stm32f4xx_hal_spi.o(i.SPI_WaitFlagStateUntilTimeout)
    SPI_WaitFlagStateUntilTimeout            0x08003671   Thumb Code   180  stm32f4xx_hal_spi.o(i.SPI_WaitFlagStateUntilTimeout)
    i.SVC_Handler                            0x08003728   Section        0  stm32f4xx_it.o(i.SVC_Handler)
    i.Set_Motor                              0x0800372c   Section        0  car.o(i.Set_Motor)
    i.SysTick_Handler                        0x080037c4   Section        0  stm32f4xx_it.o(i.SysTick_Handler)
    i.SystemClock_Config                     0x080037c8   Section        0  main.o(i.SystemClock_Config)
    i.SystemInit                             0x08003860   Section        0  system_stm32f4xx.o(i.SystemInit)
    i.TIM6_DAC_IRQHandler                    0x08003870   Section        0  stm32f4xx_it.o(i.TIM6_DAC_IRQHandler)
    i.TIM_Base_SetConfig                     0x0800387c   Section        0  stm32f4xx_hal_tim.o(i.TIM_Base_SetConfig)
    i.TIM_CCxChannelCmd                      0x08003944   Section        0  stm32f4xx_hal_tim.o(i.TIM_CCxChannelCmd)
    i.TIM_ETR_SetConfig                      0x0800395e   Section        0  stm32f4xx_hal_tim.o(i.TIM_ETR_SetConfig)
    i.TIM_ITRx_SetConfig                     0x08003972   Section        0  stm32f4xx_hal_tim.o(i.TIM_ITRx_SetConfig)
    TIM_ITRx_SetConfig                       0x08003973   Thumb Code    16  stm32f4xx_hal_tim.o(i.TIM_ITRx_SetConfig)
    i.TIM_OC1_SetConfig                      0x08003984   Section        0  stm32f4xx_hal_tim.o(i.TIM_OC1_SetConfig)
    TIM_OC1_SetConfig                        0x08003985   Thumb Code    88  stm32f4xx_hal_tim.o(i.TIM_OC1_SetConfig)
    i.TIM_OC2_SetConfig                      0x080039e4   Section        0  stm32f4xx_hal_tim.o(i.TIM_OC2_SetConfig)
    i.TIM_OC3_SetConfig                      0x08003a50   Section        0  stm32f4xx_hal_tim.o(i.TIM_OC3_SetConfig)
    TIM_OC3_SetConfig                        0x08003a51   Thumb Code    96  stm32f4xx_hal_tim.o(i.TIM_OC3_SetConfig)
    i.TIM_OC4_SetConfig                      0x08003ab8   Section        0  stm32f4xx_hal_tim.o(i.TIM_OC4_SetConfig)
    TIM_OC4_SetConfig                        0x08003ab9   Thumb Code    70  stm32f4xx_hal_tim.o(i.TIM_OC4_SetConfig)
    i.TIM_TI1_ConfigInputStage               0x08003b08   Section        0  stm32f4xx_hal_tim.o(i.TIM_TI1_ConfigInputStage)
    TIM_TI1_ConfigInputStage                 0x08003b09   Thumb Code    34  stm32f4xx_hal_tim.o(i.TIM_TI1_ConfigInputStage)
    i.TIM_TI2_ConfigInputStage               0x08003b2a   Section        0  stm32f4xx_hal_tim.o(i.TIM_TI2_ConfigInputStage)
    TIM_TI2_ConfigInputStage                 0x08003b2b   Thumb Code    36  stm32f4xx_hal_tim.o(i.TIM_TI2_ConfigInputStage)
    i.UART_DMAAbortOnError                   0x08003b4e   Section        0  stm32f4xx_hal_uart.o(i.UART_DMAAbortOnError)
    UART_DMAAbortOnError                     0x08003b4f   Thumb Code    16  stm32f4xx_hal_uart.o(i.UART_DMAAbortOnError)
    i.UART_DMAError                          0x08003b5e   Section        0  stm32f4xx_hal_uart.o(i.UART_DMAError)
    UART_DMAError                            0x08003b5f   Thumb Code    74  stm32f4xx_hal_uart.o(i.UART_DMAError)
    i.UART_DMAReceiveCplt                    0x08003ba8   Section        0  stm32f4xx_hal_uart.o(i.UART_DMAReceiveCplt)
    UART_DMAReceiveCplt                      0x08003ba9   Thumb Code   130  stm32f4xx_hal_uart.o(i.UART_DMAReceiveCplt)
    i.UART_DMARxHalfCplt                     0x08003c2a   Section        0  stm32f4xx_hal_uart.o(i.UART_DMARxHalfCplt)
    UART_DMARxHalfCplt                       0x08003c2b   Thumb Code    26  stm32f4xx_hal_uart.o(i.UART_DMARxHalfCplt)
    i.UART_EndRxTransfer                     0x08003c44   Section        0  stm32f4xx_hal_uart.o(i.UART_EndRxTransfer)
    UART_EndRxTransfer                       0x08003c45   Thumb Code    78  stm32f4xx_hal_uart.o(i.UART_EndRxTransfer)
    i.UART_EndTxTransfer                     0x08003c92   Section        0  stm32f4xx_hal_uart.o(i.UART_EndTxTransfer)
    UART_EndTxTransfer                       0x08003c93   Thumb Code    28  stm32f4xx_hal_uart.o(i.UART_EndTxTransfer)
    i.UART_Receive_IT                        0x08003cae   Section        0  stm32f4xx_hal_uart.o(i.UART_Receive_IT)
    UART_Receive_IT                          0x08003caf   Thumb Code   192  stm32f4xx_hal_uart.o(i.UART_Receive_IT)
    i.UART_SetConfig                         0x08003d70   Section        0  stm32f4xx_hal_uart.o(i.UART_SetConfig)
    UART_SetConfig                           0x08003d71   Thumb Code   258  stm32f4xx_hal_uart.o(i.UART_SetConfig)
    i.UART_Start_Receive_DMA                 0x08003e7c   Section        0  stm32f4xx_hal_uart.o(i.UART_Start_Receive_DMA)
    i.UART_WaitOnFlagUntilTimeout            0x08003f10   Section        0  stm32f4xx_hal_uart.o(i.UART_WaitOnFlagUntilTimeout)
    UART_WaitOnFlagUntilTimeout              0x08003f11   Thumb Code   120  stm32f4xx_hal_uart.o(i.UART_WaitOnFlagUntilTimeout)
    i.USART1_IRQHandler                      0x08003f88   Section        0  stm32f4xx_it.o(i.USART1_IRQHandler)
    i.USART2_IRQHandler                      0x08003f94   Section        0  stm32f4xx_it.o(i.USART2_IRQHandler)
    i.UsageFault_Handler                     0x08003fa0   Section        0  stm32f4xx_it.o(i.UsageFault_Handler)
    i.__NVIC_SetPriority                     0x08003fa2   Section        0  stm32f4xx_hal_cortex.o(i.__NVIC_SetPriority)
    __NVIC_SetPriority                       0x08003fa3   Thumb Code    32  stm32f4xx_hal_cortex.o(i.__NVIC_SetPriority)
    i.delay_ms                               0x08003fc2   Section        0  delay.o(i.delay_ms)
    i.delay_us                               0x08003fdc   Section        0  delay.o(i.delay_us)
    i.main                                   0x0800402c   Section        0  main.o(i.main)
    i.mypow                                  0x08004062   Section        0  gui.o(i.mypow)
    i.pid_Init                               0x08004074   Section        0  car.o(i.pid_Init)
    i.test_Init_Start                        0x080040d0   Section        0  main.o(i.test_Init_Start)
    i.test_LCD                               0x080040f4   Section        0  main.o(i.test_LCD)
    i.test_OLED                              0x08004138   Section        0  main.o(i.test_OLED)
    i.test_while                             0x08004250   Section        0  main.o(i.test_while)
    x$fpl$basic                              0x08004288   Section       24  basic.o(x$fpl$basic)
    $v0                                      0x08004288   Number         0  basic.o(x$fpl$basic)
    x$fpl$d2f                                0x080042a0   Section       98  d2f.o(x$fpl$d2f)
    $v0                                      0x080042a0   Number         0  d2f.o(x$fpl$d2f)
    x$fpl$dadd                               0x08004304   Section      336  daddsub_clz.o(x$fpl$dadd)
    $v0                                      0x08004304   Number         0  daddsub_clz.o(x$fpl$dadd)
    _dadd1                                   0x08004315   Thumb Code     0  daddsub_clz.o(x$fpl$dadd)
    x$fpl$dcmpinf                            0x08004454   Section       24  dcmpi.o(x$fpl$dcmpinf)
    $v0                                      0x08004454   Number         0  dcmpi.o(x$fpl$dcmpinf)
    x$fpl$ddiv                               0x0800446c   Section      688  ddiv.o(x$fpl$ddiv)
    $v0                                      0x0800446c   Number         0  ddiv.o(x$fpl$ddiv)
    ddiv_entry                               0x08004473   Thumb Code     0  ddiv.o(x$fpl$ddiv)
    x$fpl$dfixu                              0x0800471c   Section       90  dfixu.o(x$fpl$dfixu)
    $v0                                      0x0800471c   Number         0  dfixu.o(x$fpl$dfixu)
    x$fpl$dflt                               0x08004776   Section       46  dflt_clz.o(x$fpl$dflt)
    $v0                                      0x08004776   Number         0  dflt_clz.o(x$fpl$dflt)
    x$fpl$dfltu                              0x080047a4   Section       38  dflt_clz.o(x$fpl$dfltu)
    $v0                                      0x080047a4   Number         0  dflt_clz.o(x$fpl$dfltu)
    x$fpl$dleqf                              0x080047cc   Section      120  dleqf.o(x$fpl$dleqf)
    $v0                                      0x080047cc   Number         0  dleqf.o(x$fpl$dleqf)
    x$fpl$dmul                               0x08004844   Section      340  dmul.o(x$fpl$dmul)
    $v0                                      0x08004844   Number         0  dmul.o(x$fpl$dmul)
    x$fpl$dnaninf                            0x08004998   Section      156  dnaninf.o(x$fpl$dnaninf)
    $v0                                      0x08004998   Number         0  dnaninf.o(x$fpl$dnaninf)
    x$fpl$dretinf                            0x08004a34   Section       12  dretinf.o(x$fpl$dretinf)
    $v0                                      0x08004a34   Number         0  dretinf.o(x$fpl$dretinf)
    x$fpl$drleqf                             0x08004a40   Section      108  drleqf.o(x$fpl$drleqf)
    $v0                                      0x08004a40   Number         0  drleqf.o(x$fpl$drleqf)
    x$fpl$drsb                               0x08004aac   Section       22  daddsub_clz.o(x$fpl$drsb)
    $v0                                      0x08004aac   Number         0  daddsub_clz.o(x$fpl$drsb)
    x$fpl$dsub                               0x08004ac4   Section      468  daddsub_clz.o(x$fpl$dsub)
    $v0                                      0x08004ac4   Number         0  daddsub_clz.o(x$fpl$dsub)
    _dsub1                                   0x08004ad5   Thumb Code     0  daddsub_clz.o(x$fpl$dsub)
    x$fpl$f2d                                0x08004c98   Section       86  f2d.o(x$fpl$f2d)
    $v0                                      0x08004c98   Number         0  f2d.o(x$fpl$f2d)
    x$fpl$fnaninf                            0x08004cee   Section      140  fnaninf.o(x$fpl$fnaninf)
    $v0                                      0x08004cee   Number         0  fnaninf.o(x$fpl$fnaninf)
    x$fpl$fpinit                             0x08004d7a   Section       10  fpinit.o(x$fpl$fpinit)
    $v0                                      0x08004d7a   Number         0  fpinit.o(x$fpl$fpinit)
    x$fpl$fretinf                            0x08004d84   Section       10  fretinf.o(x$fpl$fretinf)
    $v0                                      0x08004d84   Number         0  fretinf.o(x$fpl$fretinf)
    .constdata                               0x08004d8e   Section        8  stm32f4xx_hal_dma.o(.constdata)
    x$fpl$usenofp                            0x08004d8e   Section        0  usenofp.o(x$fpl$usenofp)
    flagBitshiftOffset                       0x08004d8e   Data           8  stm32f4xx_hal_dma.o(.constdata)
    .constdata                               0x08004d96   Section       16  system_stm32f4xx.o(.constdata)
    .constdata                               0x08004da6   Section        8  system_stm32f4xx.o(.constdata)
    .constdata                               0x08004dae   Section     5806  gui.o(.constdata)
    .constdata                               0x0800645c   Section     1520  oled_data.o(.constdata)
    .constdata                               0x08006a4c   Section      570  oled_data.o(.constdata)
    .data                                    0x20000000   Section        1  spi.o(.data)
    Receivedata                              0x20000000   Data           1  spi.o(.data)
    .data                                    0x20000004   Section       12  stm32f4xx_hal.o(.data)
    .data                                    0x20000010   Section        4  system_stm32f4xx.o(.data)
    .data                                    0x20000014   Section        2  lcd.o(.data)
    .data                                    0x20000016   Section        2  lcd.o(.data)
    .bss                                     0x20000018   Section      288  tim.o(.bss)
    .bss                                     0x20000138   Section      544  usart.o(.bss)
    .bss                                     0x20000358   Section      280  spi.o(.bss)
    .bss                                     0x20000470   Section       16  lcd.o(.bss)
    .bss                                     0x20000480   Section     1024  oled.o(.bss)
    .bss                                     0x20000880   Section      104  car.o(.bss)
    .bss                                     0x200008e8   Section      100  niming.o(.bss)
    .bss                                     0x2000094c   Section       96  libspace.o(.bss)
    HEAP                                     0x200009b0   Section      512  startup_stm32f407xx.o(HEAP)
    Heap_Mem                                 0x200009b0   Data         512  startup_stm32f407xx.o(HEAP)
    STACK                                    0x20000bb0   Section     1024  startup_stm32f407xx.o(STACK)
    Stack_Mem                                0x20000bb0   Data        1024  startup_stm32f407xx.o(STACK)
    __initial_sp                             0x20000fb0   Data           0  startup_stm32f407xx.o(STACK)

    Global Symbols

    Symbol Name                              Value     Ov Type        Size  Object(Section)

    BuildAttributes$$THM_ISAv4$E$P$D$K$B$S$7EM$VFPi3$EXTD16$VFPS$VFMA$PE$A:L22UL41UL21$X:L11$S22US41US21$IEEE1$IW$USESV6$~STKCKD$USESV7$~SHL$OTIME$ROPI$IEEEX$EBA8$UX$STANDARDLIB$REQ8$PRES8$EABIv2 0x00000000   Number         0  anon$$obj.o ABSOLUTE
    __ARM_use_no_argv                        0x00000000   Number         0  main.o ABSOLUTE
    _printf_flags                            0x00000000   Number         0  printf_stubs.o ABSOLUTE
    _printf_return_value                     0x00000000   Number         0  printf_stubs.o ABSOLUTE
    _printf_sizespec                         0x00000000   Number         0  printf_stubs.o ABSOLUTE
    _printf_widthprec                        0x00000000   Number         0  printf_stubs.o ABSOLUTE
    __ARM_exceptions_init                     - Undefined Weak Reference
    __alloca_initialize                       - Undefined Weak Reference
    __arm_preinit_                            - Undefined Weak Reference
    __cpp_initialize__aeabi_                  - Undefined Weak Reference
    __cxa_finalize                            - Undefined Weak Reference
    __sigvec_lookup                           - Undefined Weak Reference
    _atexit_init                              - Undefined Weak Reference
    _call_atexit_fns                          - Undefined Weak Reference
    _clock_init                               - Undefined Weak Reference
    _fp_trap_init                             - Undefined Weak Reference
    _fp_trap_shutdown                         - Undefined Weak Reference
    _get_lc_collate                           - Undefined Weak Reference
    _get_lc_monetary                          - Undefined Weak Reference
    _get_lc_time                              - Undefined Weak Reference
    _getenv_init                              - Undefined Weak Reference
    _handle_redirection                       - Undefined Weak Reference
    _init_alloc                               - Undefined Weak Reference
    _init_user_alloc                          - Undefined Weak Reference
    _initio                                   - Undefined Weak Reference
    _printf_mbtowc                            - Undefined Weak Reference
    _printf_wc                                - Undefined Weak Reference
    _signal_finish                            - Undefined Weak Reference
    _signal_init                              - Undefined Weak Reference
    _terminate_alloc                          - Undefined Weak Reference
    _terminate_user_alloc                     - Undefined Weak Reference
    _terminateio                              - Undefined Weak Reference
    __Vectors_Size                           0x00000188   Number         0  startup_stm32f407xx.o ABSOLUTE
    __Vectors                                0x08000000   Data           4  startup_stm32f407xx.o(RESET)
    __Vectors_End                            0x08000188   Data           0  startup_stm32f407xx.o(RESET)
    __main                                   0x08000189   Thumb Code     8  __main.o(!!!main)
    __scatterload                            0x08000191   Thumb Code     0  __scatter.o(!!!scatter)
    __scatterload_rt2                        0x08000191   Thumb Code    44  __scatter.o(!!!scatter)
    __scatterload_rt2_thumb_only             0x08000191   Thumb Code     0  __scatter.o(!!!scatter)
    __scatterload_null                       0x0800019f   Thumb Code     0  __scatter.o(!!!scatter)
    __scatterload_copy                       0x080001c5   Thumb Code    26  __scatter_copy.o(!!handler_copy)
    __scatterload_zeroinit                   0x080001e1   Thumb Code    28  __scatter_zi.o(!!handler_zi)
    __rt_lib_init                            0x080001fd   Thumb Code     0  libinit.o(.ARM.Collect$$libinit$$00000000)
    __rt_lib_init_fp_1                       0x080001ff   Thumb Code     0  libinit2.o(.ARM.Collect$$libinit$$00000001)
    __rt_lib_init_alloca_1                   0x08000203   Thumb Code     0  libinit2.o(.ARM.Collect$$libinit$$0000002E)
    __rt_lib_init_argv_1                     0x08000203   Thumb Code     0  libinit2.o(.ARM.Collect$$libinit$$0000002C)
    __rt_lib_init_atexit_1                   0x08000203   Thumb Code     0  libinit2.o(.ARM.Collect$$libinit$$0000001B)
    __rt_lib_init_clock_1                    0x08000203   Thumb Code     0  libinit2.o(.ARM.Collect$$libinit$$00000021)
    __rt_lib_init_cpp_1                      0x08000203   Thumb Code     0  libinit2.o(.ARM.Collect$$libinit$$00000032)
    __rt_lib_init_exceptions_1               0x08000203   Thumb Code     0  libinit2.o(.ARM.Collect$$libinit$$00000030)
    __rt_lib_init_fp_trap_1                  0x08000203   Thumb Code     0  libinit2.o(.ARM.Collect$$libinit$$0000001F)
    __rt_lib_init_getenv_1                   0x08000203   Thumb Code     0  libinit2.o(.ARM.Collect$$libinit$$00000023)
    __rt_lib_init_heap_1                     0x08000203   Thumb Code     0  libinit2.o(.ARM.Collect$$libinit$$0000000A)
    __rt_lib_init_lc_collate_1               0x08000203   Thumb Code     0  libinit2.o(.ARM.Collect$$libinit$$00000011)
    __rt_lib_init_lc_ctype_1                 0x08000203   Thumb Code     0  libinit2.o(.ARM.Collect$$libinit$$00000013)
    __rt_lib_init_lc_monetary_1              0x08000203   Thumb Code     0  libinit2.o(.ARM.Collect$$libinit$$00000015)
    __rt_lib_init_lc_numeric_1               0x08000203   Thumb Code     0  libinit2.o(.ARM.Collect$$libinit$$00000017)
    __rt_lib_init_lc_time_1                  0x08000203   Thumb Code     0  libinit2.o(.ARM.Collect$$libinit$$00000019)
    __rt_lib_init_preinit_1                  0x08000203   Thumb Code     0  libinit2.o(.ARM.Collect$$libinit$$00000004)
    __rt_lib_init_rand_1                     0x08000203   Thumb Code     0  libinit2.o(.ARM.Collect$$libinit$$0000000E)
    __rt_lib_init_return                     0x08000203   Thumb Code     0  libinit2.o(.ARM.Collect$$libinit$$00000033)
    __rt_lib_init_signal_1                   0x08000203   Thumb Code     0  libinit2.o(.ARM.Collect$$libinit$$0000001D)
    __rt_lib_init_stdio_1                    0x08000203   Thumb Code     0  libinit2.o(.ARM.Collect$$libinit$$00000025)
    __rt_lib_init_user_alloc_1               0x08000203   Thumb Code     0  libinit2.o(.ARM.Collect$$libinit$$0000000C)
    __rt_lib_shutdown                        0x08000205   Thumb Code     0  libshutdown.o(.ARM.Collect$$libshutdown$$00000000)
    __rt_lib_shutdown_cpp_1                  0x08000207   Thumb Code     0  libshutdown2.o(.ARM.Collect$$libshutdown$$00000002)
    __rt_lib_shutdown_fp_trap_1              0x08000207   Thumb Code     0  libshutdown2.o(.ARM.Collect$$libshutdown$$00000007)
    __rt_lib_shutdown_heap_1                 0x08000207   Thumb Code     0  libshutdown2.o(.ARM.Collect$$libshutdown$$0000000F)
    __rt_lib_shutdown_return                 0x08000207   Thumb Code     0  libshutdown2.o(.ARM.Collect$$libshutdown$$00000010)
    __rt_lib_shutdown_signal_1               0x08000207   Thumb Code     0  libshutdown2.o(.ARM.Collect$$libshutdown$$0000000A)
    __rt_lib_shutdown_stdio_1                0x08000207   Thumb Code     0  libshutdown2.o(.ARM.Collect$$libshutdown$$00000004)
    __rt_lib_shutdown_user_alloc_1           0x08000207   Thumb Code     0  libshutdown2.o(.ARM.Collect$$libshutdown$$0000000C)
    __rt_entry                               0x08000209   Thumb Code     0  __rtentry.o(.ARM.Collect$$rtentry$$00000000)
    __rt_entry_presh_1                       0x08000209   Thumb Code     0  __rtentry2.o(.ARM.Collect$$rtentry$$00000002)
    __rt_entry_sh                            0x08000209   Thumb Code     0  __rtentry4.o(.ARM.Collect$$rtentry$$00000004)
    __rt_entry_li                            0x0800020f   Thumb Code     0  __rtentry2.o(.ARM.Collect$$rtentry$$0000000A)
    __rt_entry_postsh_1                      0x0800020f   Thumb Code     0  __rtentry2.o(.ARM.Collect$$rtentry$$00000009)
    __rt_entry_main                          0x08000213   Thumb Code     0  __rtentry2.o(.ARM.Collect$$rtentry$$0000000D)
    __rt_entry_postli_1                      0x08000213   Thumb Code     0  __rtentry2.o(.ARM.Collect$$rtentry$$0000000C)
    __rt_exit                                0x0800021b   Thumb Code     0  rtexit.o(.ARM.Collect$$rtexit$$00000000)
    __rt_exit_ls                             0x0800021d   Thumb Code     0  rtexit2.o(.ARM.Collect$$rtexit$$00000003)
    __rt_exit_prels_1                        0x0800021d   Thumb Code     0  rtexit2.o(.ARM.Collect$$rtexit$$00000002)
    __rt_exit_exit                           0x08000221   Thumb Code     0  rtexit2.o(.ARM.Collect$$rtexit$$00000004)
    Reset_Handler                            0x08000229   Thumb Code     8  startup_stm32f407xx.o(.text)
    ADC_IRQHandler                           0x08000243   Thumb Code     0  startup_stm32f407xx.o(.text)
    CAN1_RX0_IRQHandler                      0x08000243   Thumb Code     0  startup_stm32f407xx.o(.text)
    CAN1_RX1_IRQHandler                      0x08000243   Thumb Code     0  startup_stm32f407xx.o(.text)
    CAN1_SCE_IRQHandler                      0x08000243   Thumb Code     0  startup_stm32f407xx.o(.text)
    CAN1_TX_IRQHandler                       0x08000243   Thumb Code     0  startup_stm32f407xx.o(.text)
    CAN2_RX0_IRQHandler                      0x08000243   Thumb Code     0  startup_stm32f407xx.o(.text)
    CAN2_RX1_IRQHandler                      0x08000243   Thumb Code     0  startup_stm32f407xx.o(.text)
    CAN2_SCE_IRQHandler                      0x08000243   Thumb Code     0  startup_stm32f407xx.o(.text)
    CAN2_TX_IRQHandler                       0x08000243   Thumb Code     0  startup_stm32f407xx.o(.text)
    DCMI_IRQHandler                          0x08000243   Thumb Code     0  startup_stm32f407xx.o(.text)
    DMA1_Stream0_IRQHandler                  0x08000243   Thumb Code     0  startup_stm32f407xx.o(.text)
    DMA1_Stream1_IRQHandler                  0x08000243   Thumb Code     0  startup_stm32f407xx.o(.text)
    DMA1_Stream2_IRQHandler                  0x08000243   Thumb Code     0  startup_stm32f407xx.o(.text)
    DMA1_Stream3_IRQHandler                  0x08000243   Thumb Code     0  startup_stm32f407xx.o(.text)
    DMA1_Stream4_IRQHandler                  0x08000243   Thumb Code     0  startup_stm32f407xx.o(.text)
    DMA1_Stream7_IRQHandler                  0x08000243   Thumb Code     0  startup_stm32f407xx.o(.text)
    DMA2_Stream0_IRQHandler                  0x08000243   Thumb Code     0  startup_stm32f407xx.o(.text)
    DMA2_Stream1_IRQHandler                  0x08000243   Thumb Code     0  startup_stm32f407xx.o(.text)
    DMA2_Stream3_IRQHandler                  0x08000243   Thumb Code     0  startup_stm32f407xx.o(.text)
    DMA2_Stream4_IRQHandler                  0x08000243   Thumb Code     0  startup_stm32f407xx.o(.text)
    DMA2_Stream5_IRQHandler                  0x08000243   Thumb Code     0  startup_stm32f407xx.o(.text)
    DMA2_Stream6_IRQHandler                  0x08000243   Thumb Code     0  startup_stm32f407xx.o(.text)
    ETH_IRQHandler                           0x08000243   Thumb Code     0  startup_stm32f407xx.o(.text)
    ETH_WKUP_IRQHandler                      0x08000243   Thumb Code     0  startup_stm32f407xx.o(.text)
    EXTI0_IRQHandler                         0x08000243   Thumb Code     0  startup_stm32f407xx.o(.text)
    EXTI15_10_IRQHandler                     0x08000243   Thumb Code     0  startup_stm32f407xx.o(.text)
    EXTI1_IRQHandler                         0x08000243   Thumb Code     0  startup_stm32f407xx.o(.text)
    EXTI2_IRQHandler                         0x08000243   Thumb Code     0  startup_stm32f407xx.o(.text)
    EXTI3_IRQHandler                         0x08000243   Thumb Code     0  startup_stm32f407xx.o(.text)
    EXTI4_IRQHandler                         0x08000243   Thumb Code     0  startup_stm32f407xx.o(.text)
    EXTI9_5_IRQHandler                       0x08000243   Thumb Code     0  startup_stm32f407xx.o(.text)
    FLASH_IRQHandler                         0x08000243   Thumb Code     0  startup_stm32f407xx.o(.text)
    FMC_IRQHandler                           0x08000243   Thumb Code     0  startup_stm32f407xx.o(.text)
    FPU_IRQHandler                           0x08000243   Thumb Code     0  startup_stm32f407xx.o(.text)
    HASH_RNG_IRQHandler                      0x08000243   Thumb Code     0  startup_stm32f407xx.o(.text)
    I2C1_ER_IRQHandler                       0x08000243   Thumb Code     0  startup_stm32f407xx.o(.text)
    I2C1_EV_IRQHandler                       0x08000243   Thumb Code     0  startup_stm32f407xx.o(.text)
    I2C2_ER_IRQHandler                       0x08000243   Thumb Code     0  startup_stm32f407xx.o(.text)
    I2C2_EV_IRQHandler                       0x08000243   Thumb Code     0  startup_stm32f407xx.o(.text)
    I2C3_ER_IRQHandler                       0x08000243   Thumb Code     0  startup_stm32f407xx.o(.text)
    I2C3_EV_IRQHandler                       0x08000243   Thumb Code     0  startup_stm32f407xx.o(.text)
    OTG_FS_IRQHandler                        0x08000243   Thumb Code     0  startup_stm32f407xx.o(.text)
    OTG_FS_WKUP_IRQHandler                   0x08000243   Thumb Code     0  startup_stm32f407xx.o(.text)
    OTG_HS_EP1_IN_IRQHandler                 0x08000243   Thumb Code     0  startup_stm32f407xx.o(.text)
    OTG_HS_EP1_OUT_IRQHandler                0x08000243   Thumb Code     0  startup_stm32f407xx.o(.text)
    OTG_HS_IRQHandler                        0x08000243   Thumb Code     0  startup_stm32f407xx.o(.text)
    OTG_HS_WKUP_IRQHandler                   0x08000243   Thumb Code     0  startup_stm32f407xx.o(.text)
    PVD_IRQHandler                           0x08000243   Thumb Code     0  startup_stm32f407xx.o(.text)
    RCC_IRQHandler                           0x08000243   Thumb Code     0  startup_stm32f407xx.o(.text)
    RTC_Alarm_IRQHandler                     0x08000243   Thumb Code     0  startup_stm32f407xx.o(.text)
    RTC_WKUP_IRQHandler                      0x08000243   Thumb Code     0  startup_stm32f407xx.o(.text)
    SDIO_IRQHandler                          0x08000243   Thumb Code     0  startup_stm32f407xx.o(.text)
    SPI1_IRQHandler                          0x08000243   Thumb Code     0  startup_stm32f407xx.o(.text)
    SPI2_IRQHandler                          0x08000243   Thumb Code     0  startup_stm32f407xx.o(.text)
    SPI3_IRQHandler                          0x08000243   Thumb Code     0  startup_stm32f407xx.o(.text)
    TAMP_STAMP_IRQHandler                    0x08000243   Thumb Code     0  startup_stm32f407xx.o(.text)
    TIM1_BRK_TIM9_IRQHandler                 0x08000243   Thumb Code     0  startup_stm32f407xx.o(.text)
    TIM1_CC_IRQHandler                       0x08000243   Thumb Code     0  startup_stm32f407xx.o(.text)
    TIM1_TRG_COM_TIM11_IRQHandler            0x08000243   Thumb Code     0  startup_stm32f407xx.o(.text)
    TIM1_UP_TIM10_IRQHandler                 0x08000243   Thumb Code     0  startup_stm32f407xx.o(.text)
    TIM2_IRQHandler                          0x08000243   Thumb Code     0  startup_stm32f407xx.o(.text)
    TIM3_IRQHandler                          0x08000243   Thumb Code     0  startup_stm32f407xx.o(.text)
    TIM4_IRQHandler                          0x08000243   Thumb Code     0  startup_stm32f407xx.o(.text)
    TIM5_IRQHandler                          0x08000243   Thumb Code     0  startup_stm32f407xx.o(.text)
    TIM7_IRQHandler                          0x08000243   Thumb Code     0  startup_stm32f407xx.o(.text)
    TIM8_BRK_TIM12_IRQHandler                0x08000243   Thumb Code     0  startup_stm32f407xx.o(.text)
    TIM8_CC_IRQHandler                       0x08000243   Thumb Code     0  startup_stm32f407xx.o(.text)
    TIM8_TRG_COM_TIM14_IRQHandler            0x08000243   Thumb Code     0  startup_stm32f407xx.o(.text)
    TIM8_UP_TIM13_IRQHandler                 0x08000243   Thumb Code     0  startup_stm32f407xx.o(.text)
    UART4_IRQHandler                         0x08000243   Thumb Code     0  startup_stm32f407xx.o(.text)
    UART5_IRQHandler                         0x08000243   Thumb Code     0  startup_stm32f407xx.o(.text)
    USART3_IRQHandler                        0x08000243   Thumb Code     0  startup_stm32f407xx.o(.text)
    USART6_IRQHandler                        0x08000243   Thumb Code     0  startup_stm32f407xx.o(.text)
    WWDG_IRQHandler                          0x08000243   Thumb Code     0  startup_stm32f407xx.o(.text)
    __user_initial_stackheap                 0x08000245   Thumb Code     0  startup_stm32f407xx.o(.text)
    __aeabi_uldivmod                         0x08000269   Thumb Code     0  lludivv7m.o(.text)
    _ll_udiv                                 0x08000269   Thumb Code   238  lludivv7m.o(.text)
    __aeabi_memclr4                          0x08000357   Thumb Code     0  rt_memclr_w.o(.text)
    __aeabi_memclr8                          0x08000357   Thumb Code     0  rt_memclr_w.o(.text)
    __rt_memclr_w                            0x08000357   Thumb Code    78  rt_memclr_w.o(.text)
    _memset_w                                0x0800035b   Thumb Code     0  rt_memclr_w.o(.text)
    __use_two_region_memory                  0x080003a5   Thumb Code     2  heapauxi.o(.text)
    __rt_heap_escrow$2region                 0x080003a7   Thumb Code     2  heapauxi.o(.text)
    __rt_heap_expand$2region                 0x080003a9   Thumb Code     2  heapauxi.o(.text)
    __user_libspace                          0x080003ad   Thumb Code     8  libspace.o(.text)
    __user_perproc_libspace                  0x080003ad   Thumb Code     0  libspace.o(.text)
    __user_perthread_libspace                0x080003ad   Thumb Code     0  libspace.o(.text)
    __user_setup_stackheap                   0x080003b5   Thumb Code    74  sys_stackheap_outer.o(.text)
    exit                                     0x080003ff   Thumb Code    18  exit.o(.text)
    _sys_exit                                0x08000411   Thumb Code     8  sys_exit.o(.text)
    __I$use$semihosting                      0x0800041d   Thumb Code     0  use_no_semi.o(.text)
    __use_no_semihosting_swi                 0x0800041d   Thumb Code     2  use_no_semi.o(.text)
    __semihosting_library_function           0x0800041f   Thumb Code     0  indicate_semi.o(.text)
    ANO_DT_Send_F2                           0x08000421   Thumb Code   122  niming.o(i.ANO_DT_Send_F2)
    BusFault_Handler                         0x080004a5   Thumb Code     2  stm32f4xx_it.o(i.BusFault_Handler)
    DMA1_Stream5_IRQHandler                  0x080004a9   Thumb Code     6  stm32f4xx_it.o(i.DMA1_Stream5_IRQHandler)
    DMA1_Stream6_IRQHandler                  0x080004b5   Thumb Code     6  stm32f4xx_it.o(i.DMA1_Stream6_IRQHandler)
    DMA2_Stream2_IRQHandler                  0x080004c1   Thumb Code     6  stm32f4xx_it.o(i.DMA2_Stream2_IRQHandler)
    DMA2_Stream7_IRQHandler                  0x080004cd   Thumb Code     6  stm32f4xx_it.o(i.DMA2_Stream7_IRQHandler)
    DebugMon_Handler                         0x0800057d   Thumb Code     2  stm32f4xx_it.o(i.DebugMon_Handler)
    Encoder_Get_A                            0x08000581   Thumb Code    14  tim.o(i.Encoder_Get_A)
    Encoder_Get_B                            0x08000595   Thumb Code    14  tim.o(i.Encoder_Get_B)
    Error_Handler                            0x080005a9   Thumb Code     4  main.o(i.Error_Handler)
    Get_All_Speed                            0x080005ad   Thumb Code   150  car.o(i.Get_All_Speed)
    HAL_DMA_Abort                            0x0800065d   Thumb Code   146  stm32f4xx_hal_dma.o(i.HAL_DMA_Abort)
    HAL_DMA_Abort_IT                         0x080006ef   Thumb Code    36  stm32f4xx_hal_dma.o(i.HAL_DMA_Abort_IT)
    HAL_DMA_IRQHandler                       0x08000715   Thumb Code   412  stm32f4xx_hal_dma.o(i.HAL_DMA_IRQHandler)
    HAL_DMA_Init                             0x080008b5   Thumb Code   206  stm32f4xx_hal_dma.o(i.HAL_DMA_Init)
    HAL_DMA_Start_IT                         0x08000989   Thumb Code   110  stm32f4xx_hal_dma.o(i.HAL_DMA_Start_IT)
    HAL_GPIO_Init                            0x080009f9   Thumb Code   450  stm32f4xx_hal_gpio.o(i.HAL_GPIO_Init)
    HAL_GPIO_WritePin                        0x08000be9   Thumb Code    10  stm32f4xx_hal_gpio.o(i.HAL_GPIO_WritePin)
    HAL_GetTick                              0x08000bf5   Thumb Code     6  stm32f4xx_hal.o(i.HAL_GetTick)
    HAL_IncTick                              0x08000c01   Thumb Code    12  stm32f4xx_hal.o(i.HAL_IncTick)
    HAL_Init                                 0x08000c11   Thumb Code    48  stm32f4xx_hal.o(i.HAL_Init)
    HAL_InitTick                             0x08000c45   Thumb Code    54  stm32f4xx_hal.o(i.HAL_InitTick)
    HAL_MspInit                              0x08000c85   Thumb Code    42  stm32f4xx_hal_msp.o(i.HAL_MspInit)
    HAL_NVIC_EnableIRQ                       0x08000cb5   Thumb Code    26  stm32f4xx_hal_cortex.o(i.HAL_NVIC_EnableIRQ)
    HAL_NVIC_SetPriority                     0x08000cd1   Thumb Code    60  stm32f4xx_hal_cortex.o(i.HAL_NVIC_SetPriority)
    HAL_NVIC_SetPriorityGrouping             0x08000d11   Thumb Code    26  stm32f4xx_hal_cortex.o(i.HAL_NVIC_SetPriorityGrouping)
    HAL_RCC_ClockConfig                      0x08000d35   Thumb Code   288  stm32f4xx_hal_rcc.o(i.HAL_RCC_ClockConfig)
    HAL_RCC_GetPCLK1Freq                     0x08000e69   Thumb Code    20  stm32f4xx_hal_rcc.o(i.HAL_RCC_GetPCLK1Freq)
    HAL_RCC_GetPCLK2Freq                     0x08000e89   Thumb Code    20  stm32f4xx_hal_rcc.o(i.HAL_RCC_GetPCLK2Freq)
    HAL_RCC_GetSysClockFreq                  0x08000ea9   Thumb Code    88  stm32f4xx_hal_rcc.o(i.HAL_RCC_GetSysClockFreq)
    HAL_RCC_OscConfig                        0x08000f0d   Thumb Code   856  stm32f4xx_hal_rcc.o(i.HAL_RCC_OscConfig)
    HAL_SPI_Init                             0x08001279   Thumb Code   188  stm32f4xx_hal_spi.o(i.HAL_SPI_Init)
    HAL_SPI_MspInit                          0x08001335   Thumb Code   190  spi.o(i.HAL_SPI_MspInit)
    HAL_SPI_TransmitReceive                  0x08001409   Thumb Code   482  stm32f4xx_hal_spi.o(i.HAL_SPI_TransmitReceive)
    HAL_SYSTICK_Config                       0x080015eb   Thumb Code    40  stm32f4xx_hal_cortex.o(i.HAL_SYSTICK_Config)
    HAL_TIMEx_BreakCallback                  0x08001613   Thumb Code     2  stm32f4xx_hal_tim_ex.o(i.HAL_TIMEx_BreakCallback)
    HAL_TIMEx_CommutCallback                 0x08001615   Thumb Code     2  stm32f4xx_hal_tim_ex.o(i.HAL_TIMEx_CommutCallback)
    HAL_TIMEx_MasterConfigSynchronization    0x08001619   Thumb Code   116  stm32f4xx_hal_tim_ex.o(i.HAL_TIMEx_MasterConfigSynchronization)
    HAL_TIM_Base_Init                        0x080016a9   Thumb Code    90  stm32f4xx_hal_tim.o(i.HAL_TIM_Base_Init)
    HAL_TIM_Base_MspInit                     0x08001705   Thumb Code    72  tim.o(i.HAL_TIM_Base_MspInit)
    HAL_TIM_Base_Start_IT                    0x08001759   Thumb Code   100  stm32f4xx_hal_tim.o(i.HAL_TIM_Base_Start_IT)
    HAL_TIM_ConfigClockSource                0x080017d9   Thumb Code   220  stm32f4xx_hal_tim.o(i.HAL_TIM_ConfigClockSource)
    HAL_TIM_Encoder_Init                     0x080018b5   Thumb Code   164  stm32f4xx_hal_tim.o(i.HAL_TIM_Encoder_Init)
    HAL_TIM_Encoder_MspInit                  0x08001959   Thumb Code   134  tim.o(i.HAL_TIM_Encoder_MspInit)
    HAL_TIM_Encoder_Start                    0x080019ed   Thumb Code   142  stm32f4xx_hal_tim.o(i.HAL_TIM_Encoder_Start)
    HAL_TIM_IC_CaptureCallback               0x08001a7b   Thumb Code     2  stm32f4xx_hal_tim.o(i.HAL_TIM_IC_CaptureCallback)
    HAL_TIM_IRQHandler                       0x08001a7d   Thumb Code   358  stm32f4xx_hal_tim.o(i.HAL_TIM_IRQHandler)
    HAL_TIM_MspPostInit                      0x08001be5   Thumb Code    72  tim.o(i.HAL_TIM_MspPostInit)
    HAL_TIM_OC_DelayElapsedCallback          0x08001c39   Thumb Code     2  stm32f4xx_hal_tim.o(i.HAL_TIM_OC_DelayElapsedCallback)
    HAL_TIM_PWM_ConfigChannel                0x08001c3b   Thumb Code   204  stm32f4xx_hal_tim.o(i.HAL_TIM_PWM_ConfigChannel)
    HAL_TIM_PWM_Init                         0x08001d07   Thumb Code    90  stm32f4xx_hal_tim.o(i.HAL_TIM_PWM_Init)
    HAL_TIM_PWM_MspInit                      0x08001d61   Thumb Code     2  stm32f4xx_hal_tim.o(i.HAL_TIM_PWM_MspInit)
    HAL_TIM_PWM_PulseFinishedCallback        0x08001d63   Thumb Code     2  stm32f4xx_hal_tim.o(i.HAL_TIM_PWM_PulseFinishedCallback)
    HAL_TIM_PWM_Start                        0x08001d65   Thumb Code   172  stm32f4xx_hal_tim.o(i.HAL_TIM_PWM_Start)
    HAL_TIM_PeriodElapsedCallback            0x08001e2d   Thumb Code    20  tim.o(i.HAL_TIM_PeriodElapsedCallback)
    HAL_TIM_TriggerCallback                  0x08001e4d   Thumb Code     2  stm32f4xx_hal_tim.o(i.HAL_TIM_TriggerCallback)
    HAL_UARTEx_RxEventCallback               0x08001e4f   Thumb Code     2  stm32f4xx_hal_uart.o(i.HAL_UARTEx_RxEventCallback)
    HAL_UART_ErrorCallback                   0x08001e51   Thumb Code     2  stm32f4xx_hal_uart.o(i.HAL_UART_ErrorCallback)
    HAL_UART_IRQHandler                      0x08001e55   Thumb Code   610  stm32f4xx_hal_uart.o(i.HAL_UART_IRQHandler)
    HAL_UART_Init                            0x080020bd   Thumb Code    98  stm32f4xx_hal_uart.o(i.HAL_UART_Init)
    HAL_UART_MspInit                         0x08002121   Thumb Code   376  usart.o(i.HAL_UART_MspInit)
    HAL_UART_Receive_DMA                     0x080022bd   Thumb Code    42  stm32f4xx_hal_uart.o(i.HAL_UART_Receive_DMA)
    HAL_UART_RxCpltCallback                  0x080022e9   Thumb Code   404  usart.o(i.HAL_UART_RxCpltCallback)
    HAL_UART_RxHalfCpltCallback              0x080024a1   Thumb Code     2  stm32f4xx_hal_uart.o(i.HAL_UART_RxHalfCpltCallback)
    HAL_UART_Transmit                        0x080024a5   Thumb Code   178  stm32f4xx_hal_uart.o(i.HAL_UART_Transmit)
    HAL_UART_TxCpltCallback                  0x08002557   Thumb Code     2  stm32f4xx_hal_uart.o(i.HAL_UART_TxCpltCallback)
    HardFault_Handler                        0x08002559   Thumb Code     2  stm32f4xx_it.o(i.HardFault_Handler)
    LCD_Clear                                0x0800255d   Thumb Code    98  lcd.o(i.LCD_Clear)
    LCD_DrawPoint                            0x080025c9   Thumb Code    18  lcd.o(i.LCD_DrawPoint)
    LCD_Init                                 0x080025e1   Thumb Code   554  lcd.o(i.LCD_Init)
    LCD_RESET                                0x08002811   Thumb Code    58  lcd.o(i.LCD_RESET)
    LCD_SetCursor                            0x08002851   Thumb Code     8  lcd.o(i.LCD_SetCursor)
    LCD_SetWindows                           0x08002859   Thumb Code    88  lcd.o(i.LCD_SetWindows)
    LCD_ShowChar                             0x080028b5   Thumb Code   246  gui.o(i.LCD_ShowChar)
    LCD_ShowNum                              0x080029bd   Thumb Code   124  gui.o(i.LCD_ShowNum)
    LCD_WR_DATA                              0x08002a41   Thumb Code    50  lcd.o(i.LCD_WR_DATA)
    LCD_WR_REG                               0x08002a79   Thumb Code    50  lcd.o(i.LCD_WR_REG)
    LCD_WriteRAM_Prepare                     0x08002ab1   Thumb Code     8  lcd.o(i.LCD_WriteRAM_Prepare)
    LCD_WriteReg                             0x08002abd   Thumb Code    18  lcd.o(i.LCD_WriteReg)
    LCD_direction                            0x08002ad1   Thumb Code    84  lcd.o(i.LCD_direction)
    Lcd_WriteData_16Bit                      0x08002b29   Thumb Code    56  lcd.o(i.Lcd_WriteData_16Bit)
    MX_DMA_Init                              0x08002b65   Thumb Code   104  dma.o(i.MX_DMA_Init)
    MX_GPIO_Init                             0x08002bd1   Thumb Code   388  gpio.o(i.MX_GPIO_Init)
    MX_SPI1_Init                             0x08002d6d   Thumb Code    60  spi.o(i.MX_SPI1_Init)
    MX_TIM2_Init                             0x08002db1   Thumb Code   124  tim.o(i.MX_TIM2_Init)
    MX_TIM3_Init                             0x08002e31   Thumb Code   122  tim.o(i.MX_TIM3_Init)
    MX_TIM4_Init                             0x08002eb5   Thumb Code   178  tim.o(i.MX_TIM4_Init)
    MX_TIM6_Init                             0x08002f71   Thumb Code    62  tim.o(i.MX_TIM6_Init)
    MX_USART1_UART_Init                      0x08002fb9   Thumb Code    56  usart.o(i.MX_USART1_UART_Init)
    MX_USART2_UART_Init                      0x08002ff9   Thumb Code    48  usart.o(i.MX_USART2_UART_Init)
    MemManage_Handler                        0x08003031   Thumb Code     2  stm32f4xx_it.o(i.MemManage_Handler)
    NMI_Handler                              0x08003033   Thumb Code     2  stm32f4xx_it.o(i.NMI_Handler)
    OLED_ClearArea                           0x08003035   Thumb Code    94  oled.o(i.OLED_ClearArea)
    OLED_GPIO_Init                           0x08003099   Thumb Code    38  oled.o(i.OLED_GPIO_Init)
    OLED_I2C_SendByte                        0x080030bf   Thumb Code    58  oled.o(i.OLED_I2C_SendByte)
    OLED_I2C_Start                           0x080030f9   Thumb Code    30  oled.o(i.OLED_I2C_Start)
    OLED_I2C_Stop                            0x08003117   Thumb Code    24  oled.o(i.OLED_I2C_Stop)
    OLED_Init                                0x0800312f   Thumb Code   148  oled.o(i.OLED_Init)
    OLED_Pow                                 0x080031c3   Thumb Code    14  oled.o(i.OLED_Pow)
    OLED_SetCursor                           0x080031d1   Thumb Code    34  oled.o(i.OLED_SetCursor)
    OLED_ShowChar                            0x080031f5   Thumb Code    52  oled.o(i.OLED_ShowChar)
    OLED_ShowFloatNum                        0x08003231   Thumb Code   206  oled.o(i.OLED_ShowFloatNum)
    OLED_ShowImage                           0x08003309   Thumb Code   172  oled.o(i.OLED_ShowImage)
    OLED_ShowNum                             0x080033b9   Thumb Code    70  oled.o(i.OLED_ShowNum)
    OLED_ShowSignedNum                       0x080033ff   Thumb Code    94  oled.o(i.OLED_ShowSignedNum)
    OLED_ShowString                          0x0800345d   Thumb Code    44  oled.o(i.OLED_ShowString)
    OLED_Update                              0x08003489   Thumb Code    34  oled.o(i.OLED_Update)
    OLED_W_SCL                               0x080034b1   Thumb Code    24  oled.o(i.OLED_W_SCL)
    OLED_W_SDA                               0x080034cd   Thumb Code    24  oled.o(i.OLED_W_SDA)
    OLED_WriteCommand                        0x080034e9   Thumb Code    34  oled.o(i.OLED_WriteCommand)
    OLED_WriteData                           0x0800350b   Thumb Code    48  oled.o(i.OLED_WriteData)
    PID                                      0x0800353b   Thumb Code   184  car.o(i.PID)
    PendSV_Handler                           0x080035f3   Thumb Code     2  stm32f4xx_it.o(i.PendSV_Handler)
    SPI1_TransmitReceive                     0x080035f5   Thumb Code    28  spi.o(i.SPI1_TransmitReceive)
    SVC_Handler                              0x08003729   Thumb Code     2  stm32f4xx_it.o(i.SVC_Handler)
    Set_Motor                                0x0800372d   Thumb Code   142  car.o(i.Set_Motor)
    SysTick_Handler                          0x080037c5   Thumb Code     4  stm32f4xx_it.o(i.SysTick_Handler)
    SystemClock_Config                       0x080037c9   Thumb Code   142  main.o(i.SystemClock_Config)
    SystemInit                               0x08003861   Thumb Code    12  system_stm32f4xx.o(i.SystemInit)
    TIM6_DAC_IRQHandler                      0x08003871   Thumb Code     6  stm32f4xx_it.o(i.TIM6_DAC_IRQHandler)
    TIM_Base_SetConfig                       0x0800387d   Thumb Code   156  stm32f4xx_hal_tim.o(i.TIM_Base_SetConfig)
    TIM_CCxChannelCmd                        0x08003945   Thumb Code    26  stm32f4xx_hal_tim.o(i.TIM_CCxChannelCmd)
    TIM_ETR_SetConfig                        0x0800395f   Thumb Code    20  stm32f4xx_hal_tim.o(i.TIM_ETR_SetConfig)
    TIM_OC2_SetConfig                        0x080039e5   Thumb Code    98  stm32f4xx_hal_tim.o(i.TIM_OC2_SetConfig)
    UART_Start_Receive_DMA                   0x08003e7d   Thumb Code   134  stm32f4xx_hal_uart.o(i.UART_Start_Receive_DMA)
    USART1_IRQHandler                        0x08003f89   Thumb Code     6  stm32f4xx_it.o(i.USART1_IRQHandler)
    USART2_IRQHandler                        0x08003f95   Thumb Code     6  stm32f4xx_it.o(i.USART2_IRQHandler)
    UsageFault_Handler                       0x08003fa1   Thumb Code     2  stm32f4xx_it.o(i.UsageFault_Handler)
    delay_ms                                 0x08003fc3   Thumb Code    24  delay.o(i.delay_ms)
    delay_us                                 0x08003fdd   Thumb Code    76  delay.o(i.delay_us)
    main                                     0x0800402d   Thumb Code    54  main.o(i.main)
    mypow                                    0x08004063   Thumb Code    16  gui.o(i.mypow)
    pid_Init                                 0x08004075   Thumb Code    74  car.o(i.pid_Init)
    test_Init_Start                          0x080040d1   Thumb Code    26  main.o(i.test_Init_Start)
    test_LCD                                 0x080040f5   Thumb Code    62  main.o(i.test_LCD)
    test_OLED                                0x08004139   Thumb Code   250  main.o(i.test_OLED)
    test_while                               0x08004251   Thumb Code    52  main.o(i.test_while)
    __aeabi_dneg                             0x08004289   Thumb Code     0  basic.o(x$fpl$basic)
    _dneg                                    0x08004289   Thumb Code     6  basic.o(x$fpl$basic)
    __aeabi_fneg                             0x0800428f   Thumb Code     0  basic.o(x$fpl$basic)
    _fneg                                    0x0800428f   Thumb Code     6  basic.o(x$fpl$basic)
    _dabs                                    0x08004295   Thumb Code     6  basic.o(x$fpl$basic)
    _fabs                                    0x0800429b   Thumb Code     6  basic.o(x$fpl$basic)
    __aeabi_d2f                              0x080042a1   Thumb Code     0  d2f.o(x$fpl$d2f)
    _d2f                                     0x080042a1   Thumb Code    98  d2f.o(x$fpl$d2f)
    __aeabi_dadd                             0x08004305   Thumb Code     0  daddsub_clz.o(x$fpl$dadd)
    _dadd                                    0x08004305   Thumb Code   332  daddsub_clz.o(x$fpl$dadd)
    __fpl_dcmp_Inf                           0x08004455   Thumb Code    24  dcmpi.o(x$fpl$dcmpinf)
    __aeabi_ddiv                             0x0800446d   Thumb Code     0  ddiv.o(x$fpl$ddiv)
    _ddiv                                    0x0800446d   Thumb Code   552  ddiv.o(x$fpl$ddiv)
    __aeabi_d2uiz                            0x0800471d   Thumb Code     0  dfixu.o(x$fpl$dfixu)
    _dfixu                                   0x0800471d   Thumb Code    90  dfixu.o(x$fpl$dfixu)
    __aeabi_i2d                              0x08004777   Thumb Code     0  dflt_clz.o(x$fpl$dflt)
    _dflt                                    0x08004777   Thumb Code    46  dflt_clz.o(x$fpl$dflt)
    __aeabi_ui2d                             0x080047a5   Thumb Code     0  dflt_clz.o(x$fpl$dfltu)
    _dfltu                                   0x080047a5   Thumb Code    38  dflt_clz.o(x$fpl$dfltu)
    __aeabi_cdcmple                          0x080047cd   Thumb Code     0  dleqf.o(x$fpl$dleqf)
    _dcmple                                  0x080047cd   Thumb Code   120  dleqf.o(x$fpl$dleqf)
    __fpl_dcmple_InfNaN                      0x0800482f   Thumb Code     0  dleqf.o(x$fpl$dleqf)
    __aeabi_dmul                             0x08004845   Thumb Code     0  dmul.o(x$fpl$dmul)
    _dmul                                    0x08004845   Thumb Code   332  dmul.o(x$fpl$dmul)
    __fpl_dnaninf                            0x08004999   Thumb Code   156  dnaninf.o(x$fpl$dnaninf)
    __fpl_dretinf                            0x08004a35   Thumb Code    12  dretinf.o(x$fpl$dretinf)
    __aeabi_cdrcmple                         0x08004a41   Thumb Code     0  drleqf.o(x$fpl$drleqf)
    _drcmple                                 0x08004a41   Thumb Code   108  drleqf.o(x$fpl$drleqf)
    __aeabi_drsub                            0x08004aad   Thumb Code     0  daddsub_clz.o(x$fpl$drsb)
    _drsb                                    0x08004aad   Thumb Code    22  daddsub_clz.o(x$fpl$drsb)
    __aeabi_dsub                             0x08004ac5   Thumb Code     0  daddsub_clz.o(x$fpl$dsub)
    _dsub                                    0x08004ac5   Thumb Code   464  daddsub_clz.o(x$fpl$dsub)
    __aeabi_f2d                              0x08004c99   Thumb Code     0  f2d.o(x$fpl$f2d)
    _f2d                                     0x08004c99   Thumb Code    86  f2d.o(x$fpl$f2d)
    __fpl_fnaninf                            0x08004cef   Thumb Code   140  fnaninf.o(x$fpl$fnaninf)
    _fp_init                                 0x08004d7b   Thumb Code    10  fpinit.o(x$fpl$fpinit)
    __fplib_config_fpu_vfp                   0x08004d83   Thumb Code     0  fpinit.o(x$fpl$fpinit)
    __fplib_config_pureend_doubles           0x08004d83   Thumb Code     0  fpinit.o(x$fpl$fpinit)
    __fpl_fretinf                            0x08004d85   Thumb Code    10  fretinf.o(x$fpl$fretinf)
    __I$use$fp                               0x08004d8e   Number         0  usenofp.o(x$fpl$usenofp)
    AHBPrescTable                            0x08004d96   Data          16  system_stm32f4xx.o(.constdata)
    APBPrescTable                            0x08004da6   Data           8  system_stm32f4xx.o(.constdata)
    asc2_1206                                0x08004dae   Data        1140  gui.o(.constdata)
    asc2_1608                                0x08005222   Data        1520  gui.o(.constdata)
    tfont16                                  0x08005812   Data        2108  gui.o(.constdata)
    tfont24                                  0x0800604e   Data         518  gui.o(.constdata)
    tfont32                                  0x08006254   Data         520  gui.o(.constdata)
    OLED_F8x16                               0x0800645c   Data        1520  oled_data.o(.constdata)
    OLED_F6x8                                0x08006a4c   Data         570  oled_data.o(.constdata)
    Region$$Table$$Base                      0x08006c88   Number         0  anon$$obj.o(Region$$Table)
    Region$$Table$$Limit                     0x08006ca8   Number         0  anon$$obj.o(Region$$Table)
    uwTickFreq                               0x20000004   Data           1  stm32f4xx_hal.o(.data)
    uwTickPrio                               0x20000008   Data           4  stm32f4xx_hal.o(.data)
    uwTick                                   0x2000000c   Data           4  stm32f4xx_hal.o(.data)
    SystemCoreClock                          0x20000010   Data           4  system_stm32f4xx.o(.data)
    POINT_COLOR                              0x20000014   Data           2  lcd.o(.data)
    BACK_COLOR                               0x20000016   Data           2  lcd.o(.data)
    htim2                                    0x20000018   Data          72  tim.o(.bss)
    htim3                                    0x20000060   Data          72  tim.o(.bss)
    htim4                                    0x200000a8   Data          72  tim.o(.bss)
    htim6                                    0x200000f0   Data          72  tim.o(.bss)
    Udata                                    0x20000138   Data          21  usart.o(.bss)
    huart1                                   0x20000150   Data          68  usart.o(.bss)
    huart2                                   0x20000194   Data          68  usart.o(.bss)
    hdma_usart1_tx                           0x200001d8   Data          96  usart.o(.bss)
    hdma_usart1_rx                           0x20000238   Data          96  usart.o(.bss)
    hdma_usart2_tx                           0x20000298   Data          96  usart.o(.bss)
    hdma_usart2_rx                           0x200002f8   Data          96  usart.o(.bss)
    hspi1                                    0x20000358   Data          88  spi.o(.bss)
    hdma_spi1_tx                             0x200003b0   Data          96  spi.o(.bss)
    hdma_spi1_rx                             0x20000410   Data          96  spi.o(.bss)
    lcddev                                   0x20000470   Data          16  lcd.o(.bss)
    OLED_DisplayBuf                          0x20000480   Data        1024  oled.o(.bss)
    car                                      0x20000880   Data         104  car.o(.bss)
    data_to_send                             0x200008e8   Data         100  niming.o(.bss)
    __libspace_start                         0x2000094c   Data          96  libspace.o(.bss)
    __temporary_stack_top$libspace           0x200009ac   Data           0  libspace.o(.bss)



==============================================================================

Memory Map of the image

  Image Entry point : 0x08000189

  Load Region LR_IROM1 (Base: 0x08000000, Size: 0x00006cc0, Max: 0x00100000, ABSOLUTE)

    Execution Region ER_IROM1 (Exec base: 0x08000000, Load base: 0x08000000, Size: 0x00006ca8, Max: 0x00100000, ABSOLUTE)

    Exec Addr    Load Addr    Size         Type   Attr      Idx    E Section Name        Object

    0x08000000   0x08000000   0x00000188   Data   RO            3    RESET               startup_stm32f407xx.o
    0x08000188   0x08000188   0x00000008   Code   RO         4514  * !!!main             c_w.l(__main.o)
    0x08000190   0x08000190   0x00000034   Code   RO         4895    !!!scatter          c_w.l(__scatter.o)
    0x080001c4   0x080001c4   0x0000001a   Code   RO         4897    !!handler_copy      c_w.l(__scatter_copy.o)
    0x080001de   0x080001de   0x00000002   PAD
    0x080001e0   0x080001e0   0x0000001c   Code   RO         4899    !!handler_zi        c_w.l(__scatter_zi.o)
    0x080001fc   0x080001fc   0x00000002   Code   RO         4816    .ARM.Collect$$libinit$$00000000  c_w.l(libinit.o)
    0x080001fe   0x080001fe   0x00000004   Code   RO         4617    .ARM.Collect$$libinit$$00000001  c_w.l(libinit2.o)
    0x08000202   0x08000202   0x00000000   Code   RO         4620    .ARM.Collect$$libinit$$00000004  c_w.l(libinit2.o)
    0x08000202   0x08000202   0x00000000   Code   RO         4623    .ARM.Collect$$libinit$$0000000A  c_w.l(libinit2.o)
    0x08000202   0x08000202   0x00000000   Code   RO         4625    .ARM.Collect$$libinit$$0000000C  c_w.l(libinit2.o)
    0x08000202   0x08000202   0x00000000   Code   RO         4627    .ARM.Collect$$libinit$$0000000E  c_w.l(libinit2.o)
    0x08000202   0x08000202   0x00000000   Code   RO         4630    .ARM.Collect$$libinit$$00000011  c_w.l(libinit2.o)
    0x08000202   0x08000202   0x00000000   Code   RO         4632    .ARM.Collect$$libinit$$00000013  c_w.l(libinit2.o)
    0x08000202   0x08000202   0x00000000   Code   RO         4634    .ARM.Collect$$libinit$$00000015  c_w.l(libinit2.o)
    0x08000202   0x08000202   0x00000000   Code   RO         4636    .ARM.Collect$$libinit$$00000017  c_w.l(libinit2.o)
    0x08000202   0x08000202   0x00000000   Code   RO         4638    .ARM.Collect$$libinit$$00000019  c_w.l(libinit2.o)
    0x08000202   0x08000202   0x00000000   Code   RO         4640    .ARM.Collect$$libinit$$0000001B  c_w.l(libinit2.o)
    0x08000202   0x08000202   0x00000000   Code   RO         4642    .ARM.Collect$$libinit$$0000001D  c_w.l(libinit2.o)
    0x08000202   0x08000202   0x00000000   Code   RO         4644    .ARM.Collect$$libinit$$0000001F  c_w.l(libinit2.o)
    0x08000202   0x08000202   0x00000000   Code   RO         4646    .ARM.Collect$$libinit$$00000021  c_w.l(libinit2.o)
    0x08000202   0x08000202   0x00000000   Code   RO         4648    .ARM.Collect$$libinit$$00000023  c_w.l(libinit2.o)
    0x08000202   0x08000202   0x00000000   Code   RO         4650    .ARM.Collect$$libinit$$00000025  c_w.l(libinit2.o)
    0x08000202   0x08000202   0x00000000   Code   RO         4654    .ARM.Collect$$libinit$$0000002C  c_w.l(libinit2.o)
    0x08000202   0x08000202   0x00000000   Code   RO         4656    .ARM.Collect$$libinit$$0000002E  c_w.l(libinit2.o)
    0x08000202   0x08000202   0x00000000   Code   RO         4658    .ARM.Collect$$libinit$$00000030  c_w.l(libinit2.o)
    0x08000202   0x08000202   0x00000000   Code   RO         4660    .ARM.Collect$$libinit$$00000032  c_w.l(libinit2.o)
    0x08000202   0x08000202   0x00000002   Code   RO         4661    .ARM.Collect$$libinit$$00000033  c_w.l(libinit2.o)
    0x08000204   0x08000204   0x00000002   Code   RO         4862    .ARM.Collect$$libshutdown$$00000000  c_w.l(libshutdown.o)
    0x08000206   0x08000206   0x00000000   Code   RO         4878    .ARM.Collect$$libshutdown$$00000002  c_w.l(libshutdown2.o)
    0x08000206   0x08000206   0x00000000   Code   RO         4880    .ARM.Collect$$libshutdown$$00000004  c_w.l(libshutdown2.o)
    0x08000206   0x08000206   0x00000000   Code   RO         4883    .ARM.Collect$$libshutdown$$00000007  c_w.l(libshutdown2.o)
    0x08000206   0x08000206   0x00000000   Code   RO         4886    .ARM.Collect$$libshutdown$$0000000A  c_w.l(libshutdown2.o)
    0x08000206   0x08000206   0x00000000   Code   RO         4888    .ARM.Collect$$libshutdown$$0000000C  c_w.l(libshutdown2.o)
    0x08000206   0x08000206   0x00000000   Code   RO         4891    .ARM.Collect$$libshutdown$$0000000F  c_w.l(libshutdown2.o)
    0x08000206   0x08000206   0x00000002   Code   RO         4892    .ARM.Collect$$libshutdown$$00000010  c_w.l(libshutdown2.o)
    0x08000208   0x08000208   0x00000000   Code   RO         4564    .ARM.Collect$$rtentry$$00000000  c_w.l(__rtentry.o)
    0x08000208   0x08000208   0x00000000   Code   RO         4717    .ARM.Collect$$rtentry$$00000002  c_w.l(__rtentry2.o)
    0x08000208   0x08000208   0x00000006   Code   RO         4729    .ARM.Collect$$rtentry$$00000004  c_w.l(__rtentry4.o)
    0x0800020e   0x0800020e   0x00000000   Code   RO         4719    .ARM.Collect$$rtentry$$00000009  c_w.l(__rtentry2.o)
    0x0800020e   0x0800020e   0x00000004   Code   RO         4720    .ARM.Collect$$rtentry$$0000000A  c_w.l(__rtentry2.o)
    0x08000212   0x08000212   0x00000000   Code   RO         4722    .ARM.Collect$$rtentry$$0000000C  c_w.l(__rtentry2.o)
    0x08000212   0x08000212   0x00000008   Code   RO         4723    .ARM.Collect$$rtentry$$0000000D  c_w.l(__rtentry2.o)
    0x0800021a   0x0800021a   0x00000002   Code   RO         4821    .ARM.Collect$$rtexit$$00000000  c_w.l(rtexit.o)
    0x0800021c   0x0800021c   0x00000000   Code   RO         4844    .ARM.Collect$$rtexit$$00000002  c_w.l(rtexit2.o)
    0x0800021c   0x0800021c   0x00000004   Code   RO         4845    .ARM.Collect$$rtexit$$00000003  c_w.l(rtexit2.o)
    0x08000220   0x08000220   0x00000006   Code   RO         4846    .ARM.Collect$$rtexit$$00000004  c_w.l(rtexit2.o)
    0x08000226   0x08000226   0x00000002   PAD
    0x08000228   0x08000228   0x00000040   Code   RO            4    .text               startup_stm32f407xx.o
    0x08000268   0x08000268   0x000000ee   Code   RO         4441    .text               c_w.l(lludivv7m.o)
    0x08000356   0x08000356   0x0000004e   Code   RO         4508    .text               c_w.l(rt_memclr_w.o)
    0x080003a4   0x080003a4   0x00000006   Code   RO         4512    .text               c_w.l(heapauxi.o)
    0x080003aa   0x080003aa   0x00000002   PAD
    0x080003ac   0x080003ac   0x00000008   Code   RO         4759    .text               c_w.l(libspace.o)
    0x080003b4   0x080003b4   0x0000004a   Code   RO         4762    .text               c_w.l(sys_stackheap_outer.o)
    0x080003fe   0x080003fe   0x00000012   Code   RO         4801    .text               c_w.l(exit.o)
    0x08000410   0x08000410   0x0000000c   Code   RO         4838    .text               c_w.l(sys_exit.o)
    0x0800041c   0x0800041c   0x00000002   Code   RO         4840    .text               c_w.l(use_no_semi.o)
    0x0800041e   0x0800041e   0x00000000   Code   RO         4842    .text               c_w.l(indicate_semi.o)
    0x0800041e   0x0800041e   0x00000002   PAD
    0x08000420   0x08000420   0x00000084   Code   RO         4404    i.ANO_DT_Send_F2    niming.o
    0x080004a4   0x080004a4   0x00000002   Code   RO          523    i.BusFault_Handler  stm32f4xx_it.o
    0x080004a6   0x080004a6   0x00000002   PAD
    0x080004a8   0x080004a8   0x0000000c   Code   RO          524    i.DMA1_Stream5_IRQHandler  stm32f4xx_it.o
    0x080004b4   0x080004b4   0x0000000c   Code   RO          525    i.DMA1_Stream6_IRQHandler  stm32f4xx_it.o
    0x080004c0   0x080004c0   0x0000000c   Code   RO          526    i.DMA2_Stream2_IRQHandler  stm32f4xx_it.o
    0x080004cc   0x080004cc   0x0000000c   Code   RO          527    i.DMA2_Stream7_IRQHandler  stm32f4xx_it.o
    0x080004d8   0x080004d8   0x00000028   Code   RO         1446    i.DMA_CalcBaseAndBitshift  stm32f4xx_hal_dma.o
    0x08000500   0x08000500   0x00000054   Code   RO         1447    i.DMA_CheckFifoParam  stm32f4xx_hal_dma.o
    0x08000554   0x08000554   0x00000028   Code   RO         1448    i.DMA_SetConfig     stm32f4xx_hal_dma.o
    0x0800057c   0x0800057c   0x00000002   Code   RO          528    i.DebugMon_Handler  stm32f4xx_it.o
    0x0800057e   0x0800057e   0x00000002   PAD
    0x08000580   0x08000580   0x00000014   Code   RO          293    i.Encoder_Get_A     tim.o
    0x08000594   0x08000594   0x00000014   Code   RO          294    i.Encoder_Get_B     tim.o
    0x080005a8   0x080005a8   0x00000004   Code   RO           13    i.Error_Handler     main.o
    0x080005ac   0x080005ac   0x000000b0   Code   RO         4355    i.Get_All_Speed     car.o
    0x0800065c   0x0800065c   0x00000092   Code   RO         1449    i.HAL_DMA_Abort     stm32f4xx_hal_dma.o
    0x080006ee   0x080006ee   0x00000024   Code   RO         1450    i.HAL_DMA_Abort_IT  stm32f4xx_hal_dma.o
    0x08000712   0x08000712   0x00000002   PAD
    0x08000714   0x08000714   0x000001a0   Code   RO         1454    i.HAL_DMA_IRQHandler  stm32f4xx_hal_dma.o
    0x080008b4   0x080008b4   0x000000d4   Code   RO         1455    i.HAL_DMA_Init      stm32f4xx_hal_dma.o
    0x08000988   0x08000988   0x0000006e   Code   RO         1459    i.HAL_DMA_Start_IT  stm32f4xx_hal_dma.o
    0x080009f6   0x080009f6   0x00000002   PAD
    0x080009f8   0x080009f8   0x000001f0   Code   RO         1342    i.HAL_GPIO_Init     stm32f4xx_hal_gpio.o
    0x08000be8   0x08000be8   0x0000000a   Code   RO         1346    i.HAL_GPIO_WritePin  stm32f4xx_hal_gpio.o
    0x08000bf2   0x08000bf2   0x00000002   PAD
    0x08000bf4   0x08000bf4   0x0000000c   Code   RO         1874    i.HAL_GetTick       stm32f4xx_hal.o
    0x08000c00   0x08000c00   0x00000010   Code   RO         1880    i.HAL_IncTick       stm32f4xx_hal.o
    0x08000c10   0x08000c10   0x00000034   Code   RO         1881    i.HAL_Init          stm32f4xx_hal.o
    0x08000c44   0x08000c44   0x00000040   Code   RO         1882    i.HAL_InitTick      stm32f4xx_hal.o
    0x08000c84   0x08000c84   0x00000030   Code   RO          641    i.HAL_MspInit       stm32f4xx_hal_msp.o
    0x08000cb4   0x08000cb4   0x0000001a   Code   RO         1731    i.HAL_NVIC_EnableIRQ  stm32f4xx_hal_cortex.o
    0x08000cce   0x08000cce   0x00000002   PAD
    0x08000cd0   0x08000cd0   0x00000040   Code   RO         1737    i.HAL_NVIC_SetPriority  stm32f4xx_hal_cortex.o
    0x08000d10   0x08000d10   0x00000024   Code   RO         1738    i.HAL_NVIC_SetPriorityGrouping  stm32f4xx_hal_cortex.o
    0x08000d34   0x08000d34   0x00000134   Code   RO          988    i.HAL_RCC_ClockConfig  stm32f4xx_hal_rcc.o
    0x08000e68   0x08000e68   0x00000020   Code   RO          995    i.HAL_RCC_GetPCLK1Freq  stm32f4xx_hal_rcc.o
    0x08000e88   0x08000e88   0x00000020   Code   RO          996    i.HAL_RCC_GetPCLK2Freq  stm32f4xx_hal_rcc.o
    0x08000ea8   0x08000ea8   0x00000064   Code   RO          997    i.HAL_RCC_GetSysClockFreq  stm32f4xx_hal_rcc.o
    0x08000f0c   0x08000f0c   0x0000036c   Code   RO         1000    i.HAL_RCC_OscConfig  stm32f4xx_hal_rcc.o
    0x08001278   0x08001278   0x000000bc   Code   RO          676    i.HAL_SPI_Init      stm32f4xx_hal_spi.o
    0x08001334   0x08001334   0x000000d4   Code   RO          469    i.HAL_SPI_MspInit   spi.o
    0x08001408   0x08001408   0x000001e2   Code   RO          685    i.HAL_SPI_TransmitReceive  stm32f4xx_hal_spi.o
    0x080015ea   0x080015ea   0x00000028   Code   RO         1742    i.HAL_SYSTICK_Config  stm32f4xx_hal_cortex.o
    0x08001612   0x08001612   0x00000002   Code   RO         2825    i.HAL_TIMEx_BreakCallback  stm32f4xx_hal_tim_ex.o
    0x08001614   0x08001614   0x00000002   Code   RO         2826    i.HAL_TIMEx_CommutCallback  stm32f4xx_hal_tim_ex.o
    0x08001616   0x08001616   0x00000002   PAD
    0x08001618   0x08001618   0x00000090   Code   RO         2844    i.HAL_TIMEx_MasterConfigSynchronization  stm32f4xx_hal_tim_ex.o
    0x080016a8   0x080016a8   0x0000005a   Code   RO         2121    i.HAL_TIM_Base_Init  stm32f4xx_hal_tim.o
    0x08001702   0x08001702   0x00000002   PAD
    0x08001704   0x08001704   0x00000054   Code   RO          296    i.HAL_TIM_Base_MspInit  tim.o
    0x08001758   0x08001758   0x00000080   Code   RO         2126    i.HAL_TIM_Base_Start_IT  stm32f4xx_hal_tim.o
    0x080017d8   0x080017d8   0x000000dc   Code   RO         2130    i.HAL_TIM_ConfigClockSource  stm32f4xx_hal_tim.o
    0x080018b4   0x080018b4   0x000000a4   Code   RO         2142    i.HAL_TIM_Encoder_Init  stm32f4xx_hal_tim.o
    0x08001958   0x08001958   0x00000094   Code   RO          298    i.HAL_TIM_Encoder_MspInit  tim.o
    0x080019ec   0x080019ec   0x0000008e   Code   RO         2145    i.HAL_TIM_Encoder_Start  stm32f4xx_hal_tim.o
    0x08001a7a   0x08001a7a   0x00000002   Code   RO         2155    i.HAL_TIM_IC_CaptureCallback  stm32f4xx_hal_tim.o
    0x08001a7c   0x08001a7c   0x00000166   Code   RO         2169    i.HAL_TIM_IRQHandler  stm32f4xx_hal_tim.o
    0x08001be2   0x08001be2   0x00000002   PAD
    0x08001be4   0x08001be4   0x00000054   Code   RO          299    i.HAL_TIM_MspPostInit  tim.o
    0x08001c38   0x08001c38   0x00000002   Code   RO         2172    i.HAL_TIM_OC_DelayElapsedCallback  stm32f4xx_hal_tim.o
    0x08001c3a   0x08001c3a   0x000000cc   Code   RO         2193    i.HAL_TIM_PWM_ConfigChannel  stm32f4xx_hal_tim.o
    0x08001d06   0x08001d06   0x0000005a   Code   RO         2196    i.HAL_TIM_PWM_Init  stm32f4xx_hal_tim.o
    0x08001d60   0x08001d60   0x00000002   Code   RO         2198    i.HAL_TIM_PWM_MspInit  stm32f4xx_hal_tim.o
    0x08001d62   0x08001d62   0x00000002   Code   RO         2199    i.HAL_TIM_PWM_PulseFinishedCallback  stm32f4xx_hal_tim.o
    0x08001d64   0x08001d64   0x000000c8   Code   RO         2201    i.HAL_TIM_PWM_Start  stm32f4xx_hal_tim.o
    0x08001e2c   0x08001e2c   0x00000020   Code   RO          300    i.HAL_TIM_PeriodElapsedCallback  tim.o
    0x08001e4c   0x08001e4c   0x00000002   Code   RO         2212    i.HAL_TIM_TriggerCallback  stm32f4xx_hal_tim.o
    0x08001e4e   0x08001e4e   0x00000002   Code   RO         3103    i.HAL_UARTEx_RxEventCallback  stm32f4xx_hal_uart.o
    0x08001e50   0x08001e50   0x00000002   Code   RO         3117    i.HAL_UART_ErrorCallback  stm32f4xx_hal_uart.o
    0x08001e52   0x08001e52   0x00000002   PAD
    0x08001e54   0x08001e54   0x00000268   Code   RO         3120    i.HAL_UART_IRQHandler  stm32f4xx_hal_uart.o
    0x080020bc   0x080020bc   0x00000062   Code   RO         3121    i.HAL_UART_Init     stm32f4xx_hal_uart.o
    0x0800211e   0x0800211e   0x00000002   PAD
    0x08002120   0x08002120   0x0000019c   Code   RO          390    i.HAL_UART_MspInit  usart.o
    0x080022bc   0x080022bc   0x0000002a   Code   RO         3125    i.HAL_UART_Receive_DMA  stm32f4xx_hal_uart.o
    0x080022e6   0x080022e6   0x00000002   PAD
    0x080022e8   0x080022e8   0x000001b8   Code   RO          391    i.HAL_UART_RxCpltCallback  usart.o
    0x080024a0   0x080024a0   0x00000002   Code   RO         3128    i.HAL_UART_RxHalfCpltCallback  stm32f4xx_hal_uart.o
    0x080024a2   0x080024a2   0x00000002   PAD
    0x080024a4   0x080024a4   0x000000b2   Code   RO         3129    i.HAL_UART_Transmit  stm32f4xx_hal_uart.o
    0x08002556   0x08002556   0x00000002   Code   RO         3132    i.HAL_UART_TxCpltCallback  stm32f4xx_hal_uart.o
    0x08002558   0x08002558   0x00000002   Code   RO          529    i.HardFault_Handler  stm32f4xx_it.o
    0x0800255a   0x0800255a   0x00000002   PAD
    0x0800255c   0x0800255c   0x0000006c   Code   RO         3803    i.LCD_Clear         lcd.o
    0x080025c8   0x080025c8   0x00000018   Code   RO         3804    i.LCD_DrawPoint     lcd.o
    0x080025e0   0x080025e0   0x00000230   Code   RO         3805    i.LCD_Init          lcd.o
    0x08002810   0x08002810   0x00000040   Code   RO         3807    i.LCD_RESET         lcd.o
    0x08002850   0x08002850   0x00000008   Code   RO         3812    i.LCD_SetCursor     lcd.o
    0x08002858   0x08002858   0x0000005c   Code   RO         3813    i.LCD_SetWindows    lcd.o
    0x080028b4   0x080028b4   0x00000108   Code   RO         3650    i.LCD_ShowChar      gui.o
    0x080029bc   0x080029bc   0x00000084   Code   RO         3651    i.LCD_ShowNum       gui.o
    0x08002a40   0x08002a40   0x00000038   Code   RO         3814    i.LCD_WR_DATA       lcd.o
    0x08002a78   0x08002a78   0x00000038   Code   RO         3815    i.LCD_WR_REG        lcd.o
    0x08002ab0   0x08002ab0   0x0000000c   Code   RO         3816    i.LCD_WriteRAM_Prepare  lcd.o
    0x08002abc   0x08002abc   0x00000012   Code   RO         3817    i.LCD_WriteReg      lcd.o
    0x08002ace   0x08002ace   0x00000002   PAD
    0x08002ad0   0x08002ad0   0x00000058   Code   RO         3818    i.LCD_direction     lcd.o
    0x08002b28   0x08002b28   0x0000003c   Code   RO         3820    i.Lcd_WriteData_16Bit  lcd.o
    0x08002b64   0x08002b64   0x0000006c   Code   RO          444    i.MX_DMA_Init       dma.o
    0x08002bd0   0x08002bd0   0x0000019c   Code   RO          269    i.MX_GPIO_Init      gpio.o
    0x08002d6c   0x08002d6c   0x00000044   Code   RO          470    i.MX_SPI1_Init      spi.o
    0x08002db0   0x08002db0   0x00000080   Code   RO          301    i.MX_TIM2_Init      tim.o
    0x08002e30   0x08002e30   0x00000084   Code   RO          302    i.MX_TIM3_Init      tim.o
    0x08002eb4   0x08002eb4   0x000000bc   Code   RO          303    i.MX_TIM4_Init      tim.o
    0x08002f70   0x08002f70   0x00000048   Code   RO          304    i.MX_TIM6_Init      tim.o
    0x08002fb8   0x08002fb8   0x00000040   Code   RO          392    i.MX_USART1_UART_Init  usart.o
    0x08002ff8   0x08002ff8   0x00000038   Code   RO          393    i.MX_USART2_UART_Init  usart.o
    0x08003030   0x08003030   0x00000002   Code   RO          530    i.MemManage_Handler  stm32f4xx_it.o
    0x08003032   0x08003032   0x00000002   Code   RO          531    i.NMI_Handler       stm32f4xx_it.o
    0x08003034   0x08003034   0x00000064   Code   RO         4100    i.OLED_ClearArea    oled.o
    0x08003098   0x08003098   0x00000026   Code   RO         4108    i.OLED_GPIO_Init    oled.o
    0x080030be   0x080030be   0x0000003a   Code   RO         4110    i.OLED_I2C_SendByte  oled.o
    0x080030f8   0x080030f8   0x0000001e   Code   RO         4111    i.OLED_I2C_Start    oled.o
    0x08003116   0x08003116   0x00000018   Code   RO         4112    i.OLED_I2C_Stop     oled.o
    0x0800312e   0x0800312e   0x00000094   Code   RO         4113    i.OLED_Init         oled.o
    0x080031c2   0x080031c2   0x0000000e   Code   RO         4115    i.OLED_Pow          oled.o
    0x080031d0   0x080031d0   0x00000022   Code   RO         4119    i.OLED_SetCursor    oled.o
    0x080031f2   0x080031f2   0x00000002   PAD
    0x080031f4   0x080031f4   0x0000003c   Code   RO         4121    i.OLED_ShowChar     oled.o
    0x08003230   0x08003230   0x000000d8   Code   RO         4123    i.OLED_ShowFloatNum  oled.o
    0x08003308   0x08003308   0x000000b0   Code   RO         4125    i.OLED_ShowImage    oled.o
    0x080033b8   0x080033b8   0x00000046   Code   RO         4126    i.OLED_ShowNum      oled.o
    0x080033fe   0x080033fe   0x0000005e   Code   RO         4127    i.OLED_ShowSignedNum  oled.o
    0x0800345c   0x0800345c   0x0000002c   Code   RO         4128    i.OLED_ShowString   oled.o
    0x08003488   0x08003488   0x00000028   Code   RO         4129    i.OLED_Update       oled.o
    0x080034b0   0x080034b0   0x0000001c   Code   RO         4131    i.OLED_W_SCL        oled.o
    0x080034cc   0x080034cc   0x0000001c   Code   RO         4132    i.OLED_W_SDA        oled.o
    0x080034e8   0x080034e8   0x00000022   Code   RO         4133    i.OLED_WriteCommand  oled.o
    0x0800350a   0x0800350a   0x00000030   Code   RO         4134    i.OLED_WriteData    oled.o
    0x0800353a   0x0800353a   0x000000b8   Code   RO         4356    i.PID               car.o
    0x080035f2   0x080035f2   0x00000002   Code   RO          532    i.PendSV_Handler    stm32f4xx_it.o
    0x080035f4   0x080035f4   0x00000024   Code   RO          471    i.SPI1_TransmitReceive  spi.o
    0x08003618   0x08003618   0x00000058   Code   RO          714    i.SPI_EndRxTxTransaction  stm32f4xx_hal_spi.o
    0x08003670   0x08003670   0x000000b8   Code   RO          719    i.SPI_WaitFlagStateUntilTimeout  stm32f4xx_hal_spi.o
    0x08003728   0x08003728   0x00000002   Code   RO          533    i.SVC_Handler       stm32f4xx_it.o
    0x0800372a   0x0800372a   0x00000002   PAD
    0x0800372c   0x0800372c   0x00000098   Code   RO         4357    i.Set_Motor         car.o
    0x080037c4   0x080037c4   0x00000004   Code   RO          534    i.SysTick_Handler   stm32f4xx_it.o
    0x080037c8   0x080037c8   0x00000098   Code   RO           14    i.SystemClock_Config  main.o
    0x08003860   0x08003860   0x00000010   Code   RO         3468    i.SystemInit        system_stm32f4xx.o
    0x08003870   0x08003870   0x0000000c   Code   RO          535    i.TIM6_DAC_IRQHandler  stm32f4xx_it.o
    0x0800387c   0x0800387c   0x000000c8   Code   RO         2214    i.TIM_Base_SetConfig  stm32f4xx_hal_tim.o
    0x08003944   0x08003944   0x0000001a   Code   RO         2215    i.TIM_CCxChannelCmd  stm32f4xx_hal_tim.o
    0x0800395e   0x0800395e   0x00000014   Code   RO         2225    i.TIM_ETR_SetConfig  stm32f4xx_hal_tim.o
    0x08003972   0x08003972   0x00000010   Code   RO         2226    i.TIM_ITRx_SetConfig  stm32f4xx_hal_tim.o
    0x08003982   0x08003982   0x00000002   PAD
    0x08003984   0x08003984   0x00000060   Code   RO         2227    i.TIM_OC1_SetConfig  stm32f4xx_hal_tim.o
    0x080039e4   0x080039e4   0x0000006c   Code   RO         2228    i.TIM_OC2_SetConfig  stm32f4xx_hal_tim.o
    0x08003a50   0x08003a50   0x00000068   Code   RO         2229    i.TIM_OC3_SetConfig  stm32f4xx_hal_tim.o
    0x08003ab8   0x08003ab8   0x00000050   Code   RO         2230    i.TIM_OC4_SetConfig  stm32f4xx_hal_tim.o
    0x08003b08   0x08003b08   0x00000022   Code   RO         2232    i.TIM_TI1_ConfigInputStage  stm32f4xx_hal_tim.o
    0x08003b2a   0x08003b2a   0x00000024   Code   RO         2234    i.TIM_TI2_ConfigInputStage  stm32f4xx_hal_tim.o
    0x08003b4e   0x08003b4e   0x00000010   Code   RO         3134    i.UART_DMAAbortOnError  stm32f4xx_hal_uart.o
    0x08003b5e   0x08003b5e   0x0000004a   Code   RO         3135    i.UART_DMAError     stm32f4xx_hal_uart.o
    0x08003ba8   0x08003ba8   0x00000082   Code   RO         3136    i.UART_DMAReceiveCplt  stm32f4xx_hal_uart.o
    0x08003c2a   0x08003c2a   0x0000001a   Code   RO         3138    i.UART_DMARxHalfCplt  stm32f4xx_hal_uart.o
    0x08003c44   0x08003c44   0x0000004e   Code   RO         3144    i.UART_EndRxTransfer  stm32f4xx_hal_uart.o
    0x08003c92   0x08003c92   0x0000001c   Code   RO         3145    i.UART_EndTxTransfer  stm32f4xx_hal_uart.o
    0x08003cae   0x08003cae   0x000000c0   Code   RO         3146    i.UART_Receive_IT   stm32f4xx_hal_uart.o
    0x08003d6e   0x08003d6e   0x00000002   PAD
    0x08003d70   0x08003d70   0x0000010c   Code   RO         3147    i.UART_SetConfig    stm32f4xx_hal_uart.o
    0x08003e7c   0x08003e7c   0x00000094   Code   RO         3148    i.UART_Start_Receive_DMA  stm32f4xx_hal_uart.o
    0x08003f10   0x08003f10   0x00000078   Code   RO         3150    i.UART_WaitOnFlagUntilTimeout  stm32f4xx_hal_uart.o
    0x08003f88   0x08003f88   0x0000000c   Code   RO          536    i.USART1_IRQHandler  stm32f4xx_it.o
    0x08003f94   0x08003f94   0x0000000c   Code   RO          537    i.USART2_IRQHandler  stm32f4xx_it.o
    0x08003fa0   0x08003fa0   0x00000002   Code   RO          538    i.UsageFault_Handler  stm32f4xx_it.o
    0x08003fa2   0x08003fa2   0x00000020   Code   RO         1744    i.__NVIC_SetPriority  stm32f4xx_hal_cortex.o
    0x08003fc2   0x08003fc2   0x00000018   Code   RO          233    i.delay_ms          delay.o
    0x08003fda   0x08003fda   0x00000002   PAD
    0x08003fdc   0x08003fdc   0x00000050   Code   RO          235    i.delay_us          delay.o
    0x0800402c   0x0800402c   0x00000036   Code   RO           15    i.main              main.o
    0x08004062   0x08004062   0x00000010   Code   RO         3656    i.mypow             gui.o
    0x08004072   0x08004072   0x00000002   PAD
    0x08004074   0x08004074   0x0000005c   Code   RO         4358    i.pid_Init          car.o
    0x080040d0   0x080040d0   0x00000024   Code   RO           16    i.test_Init_Start   main.o
    0x080040f4   0x080040f4   0x00000044   Code   RO           17    i.test_LCD          main.o
    0x08004138   0x08004138   0x00000118   Code   RO           18    i.test_OLED         main.o
    0x08004250   0x08004250   0x00000038   Code   RO           20    i.test_while        main.o
    0x08004288   0x08004288   0x00000018   Code   RO         4516    x$fpl$basic         fz_wm.l(basic.o)
    0x080042a0   0x080042a0   0x00000062   Code   RO         4518    x$fpl$d2f           fz_wm.l(d2f.o)
    0x08004302   0x08004302   0x00000002   PAD
    0x08004304   0x08004304   0x00000150   Code   RO         4520    x$fpl$dadd          fz_wm.l(daddsub_clz.o)
    0x08004454   0x08004454   0x00000018   Code   RO         4662    x$fpl$dcmpinf       fz_wm.l(dcmpi.o)
    0x0800446c   0x0800446c   0x000002b0   Code   RO         4527    x$fpl$ddiv          fz_wm.l(ddiv.o)
    0x0800471c   0x0800471c   0x0000005a   Code   RO         4534    x$fpl$dfixu         fz_wm.l(dfixu.o)
    0x08004776   0x08004776   0x0000002e   Code   RO         4539    x$fpl$dflt          fz_wm.l(dflt_clz.o)
    0x080047a4   0x080047a4   0x00000026   Code   RO         4538    x$fpl$dfltu         fz_wm.l(dflt_clz.o)
    0x080047ca   0x080047ca   0x00000002   PAD
    0x080047cc   0x080047cc   0x00000078   Code   RO         4544    x$fpl$dleqf         fz_wm.l(dleqf.o)
    0x08004844   0x08004844   0x00000154   Code   RO         4546    x$fpl$dmul          fz_wm.l(dmul.o)
    0x08004998   0x08004998   0x0000009c   Code   RO         4664    x$fpl$dnaninf       fz_wm.l(dnaninf.o)
    0x08004a34   0x08004a34   0x0000000c   Code   RO         4666    x$fpl$dretinf       fz_wm.l(dretinf.o)
    0x08004a40   0x08004a40   0x0000006c   Code   RO         4548    x$fpl$drleqf        fz_wm.l(drleqf.o)
    0x08004aac   0x08004aac   0x00000016   Code   RO         4521    x$fpl$drsb          fz_wm.l(daddsub_clz.o)
    0x08004ac2   0x08004ac2   0x00000002   PAD
    0x08004ac4   0x08004ac4   0x000001d4   Code   RO         4522    x$fpl$dsub          fz_wm.l(daddsub_clz.o)
    0x08004c98   0x08004c98   0x00000056   Code   RO         4550    x$fpl$f2d           fz_wm.l(f2d.o)
    0x08004cee   0x08004cee   0x0000008c   Code   RO         4668    x$fpl$fnaninf       fz_wm.l(fnaninf.o)
    0x08004d7a   0x08004d7a   0x0000000a   Code   RO         4753    x$fpl$fpinit        fz_wm.l(fpinit.o)
    0x08004d84   0x08004d84   0x0000000a   Code   RO         4670    x$fpl$fretinf       fz_wm.l(fretinf.o)
    0x08004d8e   0x08004d8e   0x00000000   Code   RO         4680    x$fpl$usenofp       fz_wm.l(usenofp.o)
    0x08004d8e   0x08004d8e   0x00000008   Data   RO         1461    .constdata          stm32f4xx_hal_dma.o
    0x08004d96   0x08004d96   0x00000010   Data   RO         3469    .constdata          system_stm32f4xx.o
    0x08004da6   0x08004da6   0x00000008   Data   RO         3470    .constdata          system_stm32f4xx.o
    0x08004dae   0x08004dae   0x000016ae   Data   RO         3657    .constdata          gui.o
    0x0800645c   0x0800645c   0x000005f0   Data   RO         4337    .constdata          oled_data.o
    0x08006a4c   0x08006a4c   0x0000023a   Data   RO         4338    .constdata          oled_data.o
    0x08006c86   0x08006c86   0x00000002   PAD
    0x08006c88   0x08006c88   0x00000020   Data   RO         4893    Region$$Table       anon$$obj.o


    Execution Region RW_IRAM1 (Exec base: 0x20000000, Load base: 0x08006ca8, Size: 0x00000fb0, Max: 0x0001c000, ABSOLUTE)

    Exec Addr    Load Addr    Size         Type   Attr      Idx    E Section Name        Object

    0x20000000   0x08006ca8   0x00000001   Data   RW          474    .data               spi.o
    0x20000001   0x08006ca9   0x00000003   PAD
    0x20000004   0x08006cac   0x0000000c   Data   RW         1888    .data               stm32f4xx_hal.o
    0x20000010   0x08006cb8   0x00000004   Data   RW         3471    .data               system_stm32f4xx.o
    0x20000014   0x08006cbc   0x00000002   Data   RW         3822    .data               lcd.o
    0x20000016   0x08006cbe   0x00000002   Data   RW         3823    .data               lcd.o
    0x20000018        -       0x00000120   Zero   RW          305    .bss                tim.o
    0x20000138        -       0x00000220   Zero   RW          394    .bss                usart.o
    0x20000358        -       0x00000118   Zero   RW          473    .bss                spi.o
    0x20000470        -       0x00000010   Zero   RW         3821    .bss                lcd.o
    0x20000480        -       0x00000400   Zero   RW         4136    .bss                oled.o
    0x20000880        -       0x00000068   Zero   RW         4359    .bss                car.o
    0x200008e8        -       0x00000064   Zero   RW         4406    .bss                niming.o
    0x2000094c        -       0x00000060   Zero   RW         4760    .bss                c_w.l(libspace.o)
    0x200009ac   0x08006cc0   0x00000004   PAD
    0x200009b0        -       0x00000200   Zero   RW            2    HEAP                startup_stm32f407xx.o
    0x20000bb0        -       0x00000400   Zero   RW            1    STACK               startup_stm32f407xx.o


    Execution Region RW_IRAM2 (Exec base: 0x2001c000, Load base: 0x08006cc0, Size: 0x00000000, Max: 0x00004000, ABSOLUTE)

    **** No section assigned to this execution region ****


==============================================================================

Image component sizes


      Code (inc. data)   RO Data    RW Data    ZI Data      Debug   Object Name

       604         54          0          0        104       4631   car.o
       104          4          0          0          0       1658   delay.o
       108          4          0          0          0        938   dma.o
       412         24          0          0          0       1279   gpio.o
       412         26       5806          0          0       4381   gui.o
      1146         56          0          4         16      10263   lcd.o
       650         60          0          0          0     702288   main.o
       132         10          0          0        100       1520   niming.o
      1284         42          0          0       1024      14248   oled.o
         0          0       2090          0          0       1278   oled_data.o
       316         38          0          1        280       2694   spi.o
        64         26        392          0       1536        896   startup_stm32f407xx.o
       144         24          0         12          0       9137   stm32f4xx_hal.o
       198         14          0          0          0      34287   stm32f4xx_hal_cortex.o
      1084         16          8          0          0       7814   stm32f4xx_hal_dma.o
       506         46          0          0          0       2348   stm32f4xx_hal_gpio.o
        48          6          0          0          0        958   stm32f4xx_hal_msp.o
      1348         76          0          0          0       5552   stm32f4xx_hal_rcc.o
       942         12          0          0          0       5173   stm32f4xx_hal_spi.o
      2326        136          0          0          0      20157   stm32f4xx_hal_tim.o
       148         28          0          0          0       2661   stm32f4xx_hal_tim_ex.o
      2022         30          0          0          0      15680   stm32f4xx_hal_uart.o
       104         42          0          0          0       8316   stm32f4xx_it.o
        16          4         24          4          0       1283   system_stm32f4xx.o
       908         96          0          0        288       7333   tim.o
       972         88          0          0        544       4565   usart.o

    ----------------------------------------------------------------------
     16040        962       8354         24       3892     871338   Object Totals
         0          0         32          0          0          0   (incl. Generated)
        42          0          2          3          0          0   (incl. Padding)

    ----------------------------------------------------------------------

      Code (inc. data)   RO Data    RW Data    ZI Data      Debug   Library Member Name

         8          0          0          0          0         68   __main.o
         0          0          0          0          0          0   __rtentry.o
        12          0          0          0          0          0   __rtentry2.o
         6          0          0          0          0          0   __rtentry4.o
        52          8          0          0          0          0   __scatter.o
        26          0          0          0          0          0   __scatter_copy.o
        28          0          0          0          0          0   __scatter_zi.o
        18          0          0          0          0         80   exit.o
         6          0          0          0          0        152   heapauxi.o
         0          0          0          0          0          0   indicate_semi.o
         2          0          0          0          0          0   libinit.o
         6          0          0          0          0          0   libinit2.o
         2          0          0          0          0          0   libshutdown.o
         2          0          0          0          0          0   libshutdown2.o
         8          4          0          0         96         68   libspace.o
       238          0          0          0          0        100   lludivv7m.o
        78          0          0          0          0         80   rt_memclr_w.o
         2          0          0          0          0          0   rtexit.o
        10          0          0          0          0          0   rtexit2.o
        12          4          0          0          0         68   sys_exit.o
        74          0          0          0          0         80   sys_stackheap_outer.o
         2          0          0          0          0         68   use_no_semi.o
        24          0          0          0          0        164   basic.o
        98          4          0          0          0        140   d2f.o
       826         16          0          0          0        492   daddsub_clz.o
        24          0          0          0          0        116   dcmpi.o
       688        140          0          0          0        256   ddiv.o
        90          4          0          0          0        140   dfixu.o
        84          0          0          0          0        232   dflt_clz.o
       120          4          0          0          0        140   dleqf.o
       340         12          0          0          0        152   dmul.o
       156          4          0          0          0        140   dnaninf.o
        12          0          0          0          0        116   dretinf.o
       108          0          0          0          0        128   drleqf.o
        86          4          0          0          0        132   f2d.o
       140          4          0          0          0        132   fnaninf.o
        10          0          0          0          0        116   fpinit.o
        10          0          0          0          0        116   fretinf.o
         0          0          0          0          0          0   usenofp.o

    ----------------------------------------------------------------------
      3422        208          0          0        100       3476   Library Totals
        14          0          0          0          4          0   (incl. Padding)

    ----------------------------------------------------------------------

      Code (inc. data)   RO Data    RW Data    ZI Data      Debug   Library Name

       592         16          0          0         96        764   c_w.l
      2816        192          0          0          0       2712   fz_wm.l

    ----------------------------------------------------------------------
      3422        208          0          0        100       3476   Library Totals

    ----------------------------------------------------------------------

==============================================================================


      Code (inc. data)   RO Data    RW Data    ZI Data      Debug   

     19462       1170       8354         24       3992     857854   Grand Totals
     19462       1170       8354         24       3992     857854   ELF Image Totals
     19462       1170       8354         24          0          0   ROM Totals

==============================================================================

    Total RO  Size (Code + RO Data)                27816 (  27.16kB)
    Total RW  Size (RW Data + ZI Data)              4016 (   3.92kB)
    Total ROM Size (Code + RO Data + RW Data)      27840 (  27.19kB)

==============================================================================

